2026-08-26T08:30:55+02:00 --- post_sync start ---
2026-08-26T08:30:55+02:00 RAG hash marker invalidated
2026-08-26T08:31:22+02:00 site repo pushed
2026-08-26T08:31:22+02:00 live check final HTTP code: 200
Running front‑matter validation...
✅ All markdown files have required front‑matter
Checking live site...
✅ Live site returned 200
Running Jellyfin health‑check script...
✅ Jellyfin health‑check script returned Healthy
Running Jellyfin attester...
✅ Jellyfin attester returned OK
Testing RAG query via Hermes skill...
✅ RAG query succeeded with proper answer and citation
All tests passed!
2026-08-26T08:32:13+02:00 test suite PASSED
2026-08-26T08:32:13+02:00 --- post_sync done ---
2026-08-26T08:42:59+02:00 --- post_sync start ---
2026-08-26T08:42:59+02:00 RAG hash marker invalidated
2026-08-26T08:43:01+02:00 site repo pushed
2026-08-26T08:43:02+02:00 live check final HTTP code: 200
Running front‑matter validation...
✅ All markdown files have required front‑matter
Checking live site...
✅ Live site returned 200
Running Jellyfin health‑check script...
✅ Jellyfin health‑check script returned Healthy
Running Jellyfin attester...
✅ Jellyfin attester returned OK
Testing RAG query via Hermes skill...
❌ RAG wrapper crashed
2026-08-26T08:43:05+02:00 WARNING: test suite FAILED - inspect /home/aldo/dev/okf-home-lab/logs/post_sync.log
2026-08-26T08:43:05+02:00 --- post_sync done ---
2026-08-26T08:48:06+02:00 --- post_sync start ---
2026-08-26T08:48:06+02:00 RAG hash marker invalidated
2026-08-26T08:48:08+02:00 site repo pushed
2026-08-26T08:48:08+02:00 live check final HTTP code: 200
Running front‑matter validation...
✅ All markdown files have required front‑matter
Checking live site...
✅ Live site returned 200
Running Jellyfin health‑check script...
✅ Jellyfin health‑check script returned Healthy
Running Jellyfin attester...
✅ Jellyfin attester returned OK
Testing RAG query via Hermes skill...
❌ RAG wrapper crashed
2026-08-26T08:48:09+02:00 WARNING: test suite FAILED - inspect /home/aldo/dev/okf-home-lab/logs/post_sync.log
2026-08-26T08:48:09+02:00 --- post_sync done ---
2026-08-26T09:03:51+02:00 --- post_sync start ---
2026-08-26T09:03:51+02:00 RAG hash marker invalidated
2026-08-26T09:03:53+02:00 site repo pushed
2026-08-26T09:03:54+02:00 live check final HTTP code: 200
Running front‑matter validation...
✅ All markdown files have required front‑matter
Checking live site...
✅ Live site returned 200
Running Jellyfin health‑check script...
✅ Jellyfin health‑check script returned Healthy
Running Jellyfin attester...
✅ Jellyfin attester returned OK
Testing RAG query via Hermes skill...
❌ RAG wrapper crashed
2026-08-26T09:03:56+02:00 WARNING: test suite FAILED - inspect /home/aldo/dev/okf-home-lab/logs/post_sync.log
2026-08-26T09:03:56+02:00 --- post_sync done ---
2026-08-26T09:08:57+02:00 --- post_sync start ---
2026-08-26T09:08:57+02:00 RAG hash marker invalidated
2026-08-26T09:08:59+02:00 site repo pushed
2026-08-26T09:09:00+02:00 live check final HTTP code: 200
Running front‑matter validation...
✅ All markdown files have required front‑matter
Checking live site...
❌ Site returned HTTP 404
2026-08-26T09:09:02+02:00 WARNING: test suite FAILED - inspect /home/aldo/dev/okf-home-lab/logs/post_sync.log
2026-08-26T09:09:02+02:00 --- post_sync done ---
2026-08-26T09:14:02+02:00 --- post_sync start ---
2026-08-26T09:14:02+02:00 RAG hash marker invalidated
2026-08-26T09:14:05+02:00 site repo pushed
2026-08-26T09:14:05+02:00 live check final HTTP code: 200
Running front‑matter validation...
✅ All markdown files have required front‑matter
Checking live site...
❌ Site returned HTTP 404
2026-08-26T09:14:07+02:00 WARNING: test suite FAILED - inspect /home/aldo/dev/okf-home-lab/logs/post_sync.log
2026-08-26T09:14:07+02:00 --- post_sync done ---
2026-08-26T09:19:07+02:00 --- post_sync start ---
2026-08-26T09:19:07+02:00 RAG hash marker invalidated
2026-08-26T09:19:09+02:00 site repo pushed
2026-08-26T09:19:10+02:00 live check final HTTP code: 200
Running front‑matter validation...
✅ All markdown files have required front‑matter
Checking live site...
❌ Site returned HTTP 404
2026-08-26T09:19:11+02:00 WARNING: test suite FAILED - inspect /home/aldo/dev/okf-home-lab/logs/post_sync.log
2026-08-26T09:19:11+02:00 --- post_sync done ---
2026-08-26T09:24:12+02:00 --- post_sync start ---
2026-08-26T09:24:12+02:00 RAG hash marker invalidated
2026-08-26T09:24:14+02:00 site repo pushed
2026-08-26T09:24:15+02:00 live check final HTTP code: 200
Running front‑matter validation...
✅ All markdown files have required front‑matter
Checking live site...
❌ Site returned HTTP 404
2026-08-26T09:24:17+02:00 WARNING: test suite FAILED - inspect /home/aldo/dev/okf-home-lab/logs/post_sync.log
2026-08-26T09:24:17+02:00 --- post_sync done ---
2026-08-26T09:29:18+02:00 --- post_sync start ---
2026-08-26T09:29:18+02:00 RAG hash marker invalidated
2026-08-26T09:29:21+02:00 site repo pushed
2026-08-26T09:29:21+02:00 live check final HTTP code: 200
Running front‑matter validation...
✅ All markdown files have required front‑matter
Checking live site...
❌ Site returned HTTP 404
2026-08-26T09:29:24+02:00 WARNING: test suite FAILED - inspect /home/aldo/dev/okf-home-lab/logs/post_sync.log
2026-08-26T09:29:24+02:00 --- post_sync done ---
2026-08-26T09:34:25+02:00 --- post_sync start ---
2026-08-26T09:34:25+02:00 RAG hash marker invalidated
2026-08-26T09:34:27+02:00 site repo pushed
2026-08-26T09:34:27+02:00 live check final HTTP code: 200
Running front‑matter validation...
✅ All markdown files have required front‑matter
Checking live site...
✅ Live site returned 200
Running Jellyfin health‑check script...
✅ Jellyfin health‑check script returned Healthy
Running Jellyfin attester...
✅ Jellyfin attester returned OK
Testing RAG query via Hermes skill...
❌ RAG wrapper crashed
2026-08-26T09:34:29+02:00 WARNING: test suite FAILED - inspect /home/aldo/dev/okf-home-lab/logs/post_sync.log
2026-08-26T09:34:29+02:00 --- post_sync done ---
2026-08-26T09:39:29+02:00 --- post_sync start ---
2026-08-26T09:39:29+02:00 RAG hash marker invalidated
2026-08-26T09:44:32+02:00 --- post_sync start ---
2026-08-26T09:44:32+02:00 RAG hash marker invalidated
2026-08-26T09:49:34+02:00 --- post_sync start ---
2026-08-26T09:49:34+02:00 RAG hash marker invalidated
2026-08-26T09:54:37+02:00 --- post_sync start ---
2026-08-26T09:54:37+02:00 RAG hash marker invalidated
2026-08-26T09:59:40+02:00 --- post_sync start ---
2026-08-26T09:59:40+02:00 RAG hash marker invalidated
2026-08-26T10:04:42+02:00 --- post_sync start ---
2026-08-26T10:04:42+02:00 RAG hash marker invalidated
2026-08-26T10:09:45+02:00 --- post_sync start ---
2026-08-26T10:09:45+02:00 RAG hash marker invalidated
2026-08-26T10:14:48+02:00 --- post_sync start ---
2026-08-26T10:14:48+02:00 RAG hash marker invalidated
2026-08-26T10:19:51+02:00 --- post_sync start ---
2026-08-26T10:19:51+02:00 RAG hash marker invalidated
2026-08-26T10:24:54+02:00 --- post_sync start ---
2026-08-26T10:24:54+02:00 RAG hash marker invalidated
2026-08-26T10:29:56+02:00 --- post_sync start ---
2026-08-26T10:29:56+02:00 RAG hash marker invalidated
2026-08-26T10:34:59+02:00 --- post_sync start ---
2026-08-26T10:34:59+02:00 RAG hash marker invalidated
2026-08-26T10:40:03+02:00 --- post_sync start ---
2026-08-26T10:40:03+02:00 RAG hash marker invalidated
2026-08-26T10:40:06+02:00 site repo pushed
2026-08-26T10:40:06+02:00 live check final HTTP code: 200
Running front‑matter validation...
✅ All markdown files have required front‑matter
Checking live site...
✅ Live site returned 200
Running Jellyfin health‑check script...
✅ Jellyfin health‑check script returned Healthy
Running Jellyfin attester...
✅ Jellyfin attester returned OK
Testing RAG query via Hermes skill...
❌ RAG wrapper crashed
2026-08-26T10:40:10+02:00 WARNING: test suite FAILED - inspect /home/aldo/dev/okf-home-lab/logs/post_sync.log
2026-08-26T10:40:10+02:00 --- post_sync done ---
2026-08-26T10:45:11+02:00 --- post_sync start ---
2026-08-26T10:45:11+02:00 RAG hash marker invalidated
2026-08-26T10:45:13+02:00 site repo pushed
2026-08-26T10:45:13+02:00 live check final HTTP code: 200
Running front‑matter validation...
✅ All markdown files have required front‑matter
Checking live site...
✅ Live site returned 200
Running Jellyfin health‑check script...
✅ Jellyfin health‑check script returned Healthy
Running Jellyfin attester...
✅ Jellyfin attester returned OK
Testing RAG query via Hermes skill...
❌ RAG wrapper crashed
2026-08-26T10:45:17+02:00 WARNING: test suite FAILED - inspect /home/aldo/dev/okf-home-lab/logs/post_sync.log
2026-08-26T10:45:17+02:00 --- post_sync done ---
2026-08-26T10:50:18+02:00 --- post_sync start ---
2026-08-26T10:50:18+02:00 RAG hash marker invalidated
2026-08-26T10:50:20+02:00 site repo pushed
2026-08-26T10:50:20+02:00 live check final HTTP code: 200
Running front‑matter validation...
✅ All markdown files have required front‑matter
Checking live site...
✅ Live site returned 200
Running Jellyfin health‑check script...
✅ Jellyfin health‑check script returned Healthy
Running Jellyfin attester...
✅ Jellyfin attester returned OK
Testing RAG query via Hermes skill...
❌ RAG wrapper crashed
2026-08-26T10:50:22+02:00 WARNING: test suite FAILED - inspect /home/aldo/dev/okf-home-lab/logs/post_sync.log
2026-08-26T10:50:22+02:00 --- post_sync done ---
2026-08-26T10:55:23+02:00 --- post_sync start ---
2026-08-26T10:55:23+02:00 RAG hash marker invalidated
2026-08-26T10:55:26+02:00 site repo pushed
2026-08-26T10:55:27+02:00 live check final HTTP code: 200
Running front‑matter validation...
✅ All markdown files have required front‑matter
Checking live site...
✅ Live site returned 200
Running Jellyfin health‑check script...
✅ Jellyfin health‑check script returned Healthy
Running Jellyfin attester...
✅ Jellyfin attester returned OK
Testing RAG query via Hermes skill...
❌ RAG wrapper crashed
2026-08-26T10:55:29+02:00 WARNING: test suite FAILED - inspect /home/aldo/dev/okf-home-lab/logs/post_sync.log
2026-08-26T10:55:29+02:00 --- post_sync done ---
2026-08-26T11:00:30+02:00 --- post_sync start ---
2026-08-26T11:00:30+02:00 RAG hash marker invalidated
2026-08-26T11:00:33+02:00 site repo pushed
2026-08-26T11:00:34+02:00 live check final HTTP code: 200
Running front‑matter validation...
✅ All markdown files have required front‑matter
Checking live site...
✅ Live site returned 200
Running Jellyfin health‑check script...
✅ Jellyfin health‑check script returned Healthy
Running Jellyfin attester...
✅ Jellyfin attester returned OK
Testing RAG query via Hermes skill...
❌ RAG wrapper crashed
2026-08-26T11:00:36+02:00 WARNING: test suite FAILED - inspect /home/aldo/dev/okf-home-lab/logs/post_sync.log
2026-08-26T11:00:36+02:00 --- post_sync done ---
2026-08-26T11:05:37+02:00 --- post_sync start ---
2026-08-26T11:05:37+02:00 RAG hash marker invalidated
2026-08-26T11:05:40+02:00 site repo pushed
2026-08-26T11:05:40+02:00 live check final HTTP code: 200
Running front‑matter validation...
✅ All markdown files have required front‑matter
Checking live site...
✅ Live site returned 200
Running Jellyfin health‑check script...
✅ Jellyfin health‑check script returned Healthy
Running Jellyfin attester...
✅ Jellyfin attester returned OK
Testing RAG query via Hermes skill...
❌ RAG wrapper crashed
2026-08-26T11:05:43+02:00 WARNING: test suite FAILED - inspect /home/aldo/dev/okf-home-lab/logs/post_sync.log
2026-08-26T11:05:43+02:00 --- post_sync done ---
2026-08-26T11:10:43+02:00 --- post_sync start ---
2026-08-26T11:10:43+02:00 RAG hash marker invalidated
2026-08-26T11:10:46+02:00 site repo pushed
2026-08-26T11:10:46+02:00 live check final HTTP code: 200
Running front‑matter validation...
✅ All markdown files have required front‑matter
Checking live site...
✅ Live site returned 200
Running Jellyfin health‑check script...
✅ Jellyfin health‑check script returned Healthy
Running Jellyfin attester...
✅ Jellyfin attester returned OK
Testing RAG query via Hermes skill...
❌ RAG wrapper crashed
2026-08-26T11:10:47+02:00 WARNING: test suite FAILED - inspect /home/aldo/dev/okf-home-lab/logs/post_sync.log
2026-08-26T11:10:47+02:00 --- post_sync done ---
2026-08-26T11:15:48+02:00 --- post_sync start ---
2026-08-26T11:15:48+02:00 RAG hash marker invalidated
2026-08-26T11:15:50+02:00 site repo pushed
2026-08-26T11:15:50+02:00 live check final HTTP code: 200
Running front‑matter validation...
✅ All markdown files have required front‑matter
Checking live site...
✅ Live site returned 200
Running Jellyfin health‑check script...
✅ Jellyfin health‑check script returned Healthy
Running Jellyfin attester...
✅ Jellyfin attester returned OK
Testing RAG query via Hermes skill...
❌ RAG wrapper crashed
2026-08-26T11:15:52+02:00 WARNING: test suite FAILED - inspect /home/aldo/dev/okf-home-lab/logs/post_sync.log
2026-08-26T11:15:52+02:00 --- post_sync done ---
2026-08-26T11:20:53+02:00 --- post_sync start ---
2026-08-26T11:20:53+02:00 RAG hash marker invalidated
2026-08-26T11:20:56+02:00 site repo pushed
2026-08-26T11:20:56+02:00 live check final HTTP code: 200
Running front‑matter validation...
✅ All markdown files have required front‑matter
Checking live site...
✅ Live site returned 200
Running Jellyfin health‑check script...
✅ Jellyfin health‑check script returned Healthy
Running Jellyfin attester...
✅ Jellyfin attester returned OK
Testing RAG query via Hermes skill...
❌ RAG wrapper crashed
2026-08-26T11:20:58+02:00 WARNING: test suite FAILED - inspect /home/aldo/dev/okf-home-lab/logs/post_sync.log
2026-08-26T11:20:58+02:00 --- post_sync done ---
2026-08-26T11:25:59+02:00 --- post_sync start ---
2026-08-26T11:25:59+02:00 RAG hash marker invalidated
2026-08-26T11:26:01+02:00 site repo pushed
2026-08-26T11:26:02+02:00 live check final HTTP code: 200
Running front‑matter validation...
✅ All markdown files have required front‑matter
Checking live site...
✅ Live site returned 200
Running Jellyfin health‑check script...
✅ Jellyfin health‑check script returned Healthy
Running Jellyfin attester...
✅ Jellyfin attester returned OK
Testing RAG query via Hermes skill...
❌ RAG wrapper crashed
2026-08-26T11:26:03+02:00 WARNING: test suite FAILED - inspect /home/aldo/dev/okf-home-lab/logs/post_sync.log
2026-08-26T11:26:03+02:00 --- post_sync done ---
2026-08-26T11:31:04+02:00 --- post_sync start ---
2026-08-26T11:31:04+02:00 RAG hash marker invalidated
2026-08-26T11:31:06+02:00 site repo pushed
2026-08-26T11:31:06+02:00 live check final HTTP code: 200
Running front‑matter validation...
✅ All markdown files have required front‑matter
Checking live site...
✅ Live site returned 200
Running Jellyfin health‑check script...
✅ Jellyfin health‑check script returned Healthy
Running Jellyfin attester...
✅ Jellyfin attester returned OK
Testing RAG query via Hermes skill...
❌ RAG wrapper crashed
2026-08-26T11:31:07+02:00 WARNING: test suite FAILED - inspect /home/aldo/dev/okf-home-lab/logs/post_sync.log
2026-08-26T11:31:07+02:00 --- post_sync done ---
2026-08-26T11:36:08+02:00 --- post_sync start ---
2026-08-26T11:36:08+02:00 RAG hash marker invalidated
2026-08-26T11:36:10+02:00 site repo pushed
2026-08-26T11:36:11+02:00 live check final HTTP code: 200
Running front‑matter validation...
✅ All markdown files have required front‑matter
Checking live site...
✅ Live site returned 200
Running Jellyfin health‑check script...
✅ Jellyfin health‑check script returned Healthy
Running Jellyfin attester...
✅ Jellyfin attester returned OK
Testing RAG query via Hermes skill...
❌ RAG wrapper crashed
2026-08-26T11:36:12+02:00 WARNING: test suite FAILED - inspect /home/aldo/dev/okf-home-lab/logs/post_sync.log
2026-08-26T11:36:12+02:00 --- post_sync done ---
2026-08-26T11:41:13+02:00 --- post_sync start ---
2026-08-26T11:41:13+02:00 RAG hash marker invalidated
2026-08-26T11:41:16+02:00 site repo pushed
2026-08-26T11:41:16+02:00 live check final HTTP code: 200
Running front‑matter validation...
✅ All markdown files have required front‑matter
Checking live site...
✅ Live site returned 200
Running Jellyfin health‑check script...
✅ Jellyfin health‑check script returned Healthy
Running Jellyfin attester...
✅ Jellyfin attester returned OK
Testing RAG query via Hermes skill...
❌ RAG wrapper crashed
2026-08-26T11:41:18+02:00 WARNING: test suite FAILED - inspect /home/aldo/dev/okf-home-lab/logs/post_sync.log
2026-08-26T11:41:18+02:00 --- post_sync done ---
2026-08-26T11:46:19+02:00 --- post_sync start ---
2026-08-26T11:46:19+02:00 RAG hash marker invalidated
2026-08-26T11:46:21+02:00 site repo pushed
2026-08-26T11:46:21+02:00 live check final HTTP code: 200
Running front‑matter validation...
✅ All markdown files have required front‑matter
Checking live site...
✅ Live site returned 200
Running Jellyfin health‑check script...
✅ Jellyfin health‑check script returned Healthy
Running Jellyfin attester...
✅ Jellyfin attester returned OK
Testing RAG query via Hermes skill...
❌ RAG wrapper crashed
2026-08-26T11:46:22+02:00 WARNING: test suite FAILED - inspect /home/aldo/dev/okf-home-lab/logs/post_sync.log
2026-08-26T11:46:22+02:00 --- post_sync done ---
2026-08-26T11:51:23+02:00 --- post_sync start ---
2026-08-26T11:51:23+02:00 RAG hash marker invalidated
2026-08-26T11:51:26+02:00 site repo pushed
2026-08-26T11:51:27+02:00 live check final HTTP code: 200
Running front‑matter validation...
✅ All markdown files have required front‑matter
Checking live site...
✅ Live site returned 200
Running Jellyfin health‑check script...
✅ Jellyfin health‑check script returned Healthy
Running Jellyfin attester...
✅ Jellyfin attester returned OK
Testing RAG query via Hermes skill...
❌ RAG wrapper crashed
2026-08-26T11:51:28+02:00 WARNING: test suite FAILED - inspect /home/aldo/dev/okf-home-lab/logs/post_sync.log
2026-08-26T11:51:28+02:00 --- post_sync done ---
2026-08-26T11:56:29+02:00 --- post_sync start ---
2026-08-26T11:56:29+02:00 RAG hash marker invalidated
2026-08-26T11:56:31+02:00 site repo pushed
2026-08-26T11:56:32+02:00 live check final HTTP code: 200
Running front‑matter validation...
✅ All markdown files have required front‑matter
Checking live site...
✅ Live site returned 200
Running Jellyfin health‑check script...
✅ Jellyfin health‑check script returned Healthy
Running Jellyfin attester...
✅ Jellyfin attester returned OK
Testing RAG query via Hermes skill...
❌ RAG wrapper crashed
2026-08-26T11:56:33+02:00 WARNING: test suite FAILED - inspect /home/aldo/dev/okf-home-lab/logs/post_sync.log
2026-08-26T11:56:33+02:00 --- post_sync done ---
2026-08-26T12:01:34+02:00 --- post_sync start ---
2026-08-26T12:01:34+02:00 RAG hash marker invalidated
2026-08-26T12:01:37+02:00 site repo pushed
2026-08-26T12:01:37+02:00 live check final HTTP code: 200
Running front‑matter validation...
✅ All markdown files have required front‑matter
Checking live site...
✅ Live site returned 200
Running Jellyfin health‑check script...
✅ Jellyfin health‑check script returned Healthy
Running Jellyfin attester...
✅ Jellyfin attester returned OK
Testing RAG query via Hermes skill...
❌ RAG wrapper crashed
2026-08-26T12:01:38+02:00 WARNING: test suite FAILED - inspect /home/aldo/dev/okf-home-lab/logs/post_sync.log
2026-08-26T12:01:38+02:00 --- post_sync done ---
2026-08-26T12:06:39+02:00 --- post_sync start ---
2026-08-26T12:06:39+02:00 RAG hash marker invalidated
2026-08-26T12:06:43+02:00 site repo pushed
2026-08-26T12:06:43+02:00 live check final HTTP code: 200
Running front‑matter validation...
✅ All markdown files have required front‑matter
Checking live site...
✅ Live site returned 200
Running Jellyfin health‑check script...
✅ Jellyfin health‑check script returned Healthy
Running Jellyfin attester...
✅ Jellyfin attester returned OK
Testing RAG query via Hermes skill...
❌ RAG wrapper crashed
2026-08-26T12:06:45+02:00 WARNING: test suite FAILED - inspect /home/aldo/dev/okf-home-lab/logs/post_sync.log
2026-08-26T12:06:45+02:00 --- post_sync done ---
2026-08-26T12:11:47+02:00 --- post_sync start ---
2026-08-26T12:11:47+02:00 RAG hash marker invalidated
2026-08-26T12:11:49+02:00 site repo pushed
2026-08-26T12:11:49+02:00 live check final HTTP code: 200
Running front‑matter validation...
✅ All markdown files have required front‑matter
Checking live site...
✅ Live site returned 200
Running Jellyfin health‑check script...
✅ Jellyfin health‑check script returned Healthy
Running Jellyfin attester...
✅ Jellyfin attester returned OK
Testing RAG query via Hermes skill...
❌ RAG wrapper crashed
2026-08-26T12:11:52+02:00 WARNING: test suite FAILED - inspect /home/aldo/dev/okf-home-lab/logs/post_sync.log
2026-08-26T12:11:52+02:00 --- post_sync done ---
2026-08-26T12:16:53+02:00 --- post_sync start ---
2026-08-26T12:16:53+02:00 RAG hash marker invalidated
2026-08-26T12:16:55+02:00 site repo pushed
2026-08-26T12:16:56+02:00 live check final HTTP code: 200
Running front‑matter validation...
✅ All markdown files have required front‑matter
Checking live site...
✅ Live site returned 200
Running Jellyfin health‑check script...
✅ Jellyfin health‑check script returned Healthy
Running Jellyfin attester...
✅ Jellyfin attester returned OK
Testing RAG query via Hermes skill...
❌ RAG wrapper crashed
2026-08-26T12:16:58+02:00 WARNING: test suite FAILED - inspect /home/aldo/dev/okf-home-lab/logs/post_sync.log
2026-08-26T12:16:58+02:00 --- post_sync done ---
2026-08-26T12:22:00+02:00 --- post_sync start ---
2026-08-26T12:22:00+02:00 RAG hash marker invalidated
2026-08-26T12:22:02+02:00 site repo pushed
2026-08-26T12:22:02+02:00 live check final HTTP code: 200
Running front‑matter validation...
✅ All markdown files have required front‑matter
Checking live site...
✅ Live site returned 200
Running Jellyfin health‑check script...
✅ Jellyfin health‑check script returned Healthy
Running Jellyfin attester...
✅ Jellyfin attester returned OK
Testing RAG query via Hermes skill...
❌ RAG wrapper crashed
2026-08-26T12:22:04+02:00 WARNING: test suite FAILED - inspect /home/aldo/dev/okf-home-lab/logs/post_sync.log
2026-08-26T12:22:04+02:00 --- post_sync done ---
2026-08-26T12:27:05+02:00 --- post_sync start ---
2026-08-26T12:27:05+02:00 RAG hash marker invalidated
2026-08-26T12:27:08+02:00 site repo pushed
2026-08-26T12:27:08+02:00 live check final HTTP code: 200
Running front‑matter validation...
✅ All markdown files have required front‑matter
Checking live site...
✅ Live site returned 200
Running Jellyfin health‑check script...
✅ Jellyfin health‑check script returned Healthy
Running Jellyfin attester...
✅ Jellyfin attester returned OK
Testing RAG query via Hermes skill...
❌ RAG wrapper crashed
2026-08-26T12:27:10+02:00 WARNING: test suite FAILED - inspect /home/aldo/dev/okf-home-lab/logs/post_sync.log
2026-08-26T12:27:10+02:00 --- post_sync done ---
2026-08-26T12:32:11+02:00 --- post_sync start ---
2026-08-26T12:32:11+02:00 RAG hash marker invalidated
2026-08-26T12:32:14+02:00 site repo pushed
2026-08-26T12:32:14+02:00 live check final HTTP code: 200
Running front‑matter validation...
✅ All markdown files have required front‑matter
Checking live site...
✅ Live site returned 200
Running Jellyfin health‑check script...
✅ Jellyfin health‑check script returned Healthy
Running Jellyfin attester...
✅ Jellyfin attester returned OK
Testing RAG query via Hermes skill...
❌ RAG wrapper crashed
2026-08-26T12:32:16+02:00 WARNING: test suite FAILED - inspect /home/aldo/dev/okf-home-lab/logs/post_sync.log
2026-08-26T12:32:16+02:00 --- post_sync done ---
2026-08-26T12:37:19+02:00 --- post_sync start ---
2026-08-26T12:37:19+02:00 RAG hash marker invalidated
2026-08-26T12:37:22+02:00 site repo pushed
2026-08-26T12:37:22+02:00 live check final HTTP code: 200
Running front‑matter validation...
✅ All markdown files have required front‑matter
Checking live site...
✅ Live site returned 200
Running Jellyfin health‑check script...
✅ Jellyfin health‑check script returned Healthy
Running Jellyfin attester...
✅ Jellyfin attester returned OK
Testing RAG query via Hermes skill...
❌ RAG wrapper crashed
2026-08-26T12:37:26+02:00 WARNING: test suite FAILED - inspect /home/aldo/dev/okf-home-lab/logs/post_sync.log
2026-08-26T12:37:26+02:00 --- post_sync done ---
2026-08-26T12:42:28+02:00 --- post_sync start ---
2026-08-26T12:42:28+02:00 RAG hash marker invalidated
2026-08-26T12:42:30+02:00 site repo pushed
2026-08-26T12:42:31+02:00 live check final HTTP code: 200
Running front‑matter validation...
✅ All markdown files have required front‑matter
Checking live site...
✅ Live site returned 200
Running Jellyfin health‑check script...
✅ Jellyfin health‑check script returned Healthy
Running Jellyfin attester...
✅ Jellyfin attester returned OK
Testing RAG query via Hermes skill...
❌ RAG wrapper crashed
2026-08-26T12:42:32+02:00 WARNING: test suite FAILED - inspect /home/aldo/dev/okf-home-lab/logs/post_sync.log
2026-08-26T12:42:32+02:00 --- post_sync done ---
2026-08-26T12:47:35+02:00 --- post_sync start ---
2026-08-26T12:47:35+02:00 RAG hash marker invalidated
2026-08-26T12:47:37+02:00 site repo pushed
2026-08-26T12:47:38+02:00 live check final HTTP code: 200
Running front‑matter validation...
✅ All markdown files have required front‑matter
Checking live site...
✅ Live site returned 200
Running Jellyfin health‑check script...
✅ Jellyfin health‑check script returned Healthy
Running Jellyfin attester...
✅ Jellyfin attester returned OK
Testing RAG query via Hermes skill...
❌ RAG wrapper crashed
2026-08-26T12:47:41+02:00 WARNING: test suite FAILED - inspect /home/aldo/dev/okf-home-lab/logs/post_sync.log
2026-08-26T12:47:41+02:00 --- post_sync done ---
2026-08-26T12:52:43+02:00 --- post_sync start ---
2026-08-26T12:52:43+02:00 RAG hash marker invalidated
2026-08-26T12:52:45+02:00 site repo pushed
2026-08-26T12:52:46+02:00 live check final HTTP code: 200
Running front‑matter validation...
✅ All markdown files have required front‑matter
Checking live site...
✅ Live site returned 200
Running Jellyfin health‑check script...
✅ Jellyfin health‑check script returned Healthy
Running Jellyfin attester...
✅ Jellyfin attester returned OK
Testing RAG query via Hermes skill...
❌ RAG wrapper crashed
2026-08-26T12:52:48+02:00 WARNING: test suite FAILED - inspect /home/aldo/dev/okf-home-lab/logs/post_sync.log
2026-08-26T12:52:48+02:00 --- post_sync done ---
2026-08-26T12:57:50+02:00 --- post_sync start ---
2026-08-26T12:57:50+02:00 RAG hash marker invalidated
2026-08-26T12:57:53+02:00 site repo pushed
2026-08-26T12:57:53+02:00 live check final HTTP code: 200
Running front‑matter validation...
✅ All markdown files have required front‑matter
Checking live site...
✅ Live site returned 200
Running Jellyfin health‑check script...
✅ Jellyfin health‑check script returned Healthy
Running Jellyfin attester...
✅ Jellyfin attester returned OK
Testing RAG query via Hermes skill...
❌ RAG wrapper crashed
2026-08-26T12:57:55+02:00 WARNING: test suite FAILED - inspect /home/aldo/dev/okf-home-lab/logs/post_sync.log
2026-08-26T12:57:55+02:00 --- post_sync done ---
2026-08-26T13:02:57+02:00 --- post_sync start ---
2026-08-26T13:02:57+02:00 RAG hash marker invalidated
2026-08-26T13:02:59+02:00 site repo pushed
2026-08-26T13:03:00+02:00 live check final HTTP code: 200
Running front‑matter validation...
✅ All markdown files have required front‑matter
Checking live site...
✅ Live site returned 200
Running Jellyfin health‑check script...
✅ Jellyfin health‑check script returned Healthy
Running Jellyfin attester...
✅ Jellyfin attester returned OK
Testing RAG query via Hermes skill...
❌ RAG wrapper crashed
2026-08-26T13:03:02+02:00 WARNING: test suite FAILED - inspect /home/aldo/dev/okf-home-lab/logs/post_sync.log
2026-08-26T13:03:02+02:00 --- post_sync done ---
2026-08-26T13:08:03+02:00 --- post_sync start ---
2026-08-26T13:08:03+02:00 RAG hash marker invalidated
2026-08-26T13:08:05+02:00 site repo pushed
2026-08-26T13:08:06+02:00 live check final HTTP code: 200
Running front‑matter validation...
✅ All markdown files have required front‑matter
Checking live site...
✅ Live site returned 200
Running Jellyfin health‑check script...
✅ Jellyfin health‑check script returned Healthy
Running Jellyfin attester...
✅ Jellyfin attester returned OK
Testing RAG query via Hermes skill...
❌ RAG wrapper crashed
2026-08-26T13:08:07+02:00 WARNING: test suite FAILED - inspect /home/aldo/dev/okf-home-lab/logs/post_sync.log
2026-08-26T13:08:07+02:00 --- post_sync done ---
2026-08-26T13:13:08+02:00 --- post_sync start ---
2026-08-26T13:13:08+02:00 RAG hash marker invalidated
2026-08-26T13:13:11+02:00 site repo pushed
2026-08-26T13:13:11+02:00 live check final HTTP code: 200
Running front‑matter validation...
✅ All markdown files have required front‑matter
Checking live site...
✅ Live site returned 200
Running Jellyfin health‑check script...
✅ Jellyfin health‑check script returned Healthy
Running Jellyfin attester...
✅ Jellyfin attester returned OK
Testing RAG query via Hermes skill...
❌ RAG wrapper crashed
2026-08-26T13:13:13+02:00 WARNING: test suite FAILED - inspect /home/aldo/dev/okf-home-lab/logs/post_sync.log
2026-08-26T13:13:13+02:00 --- post_sync done ---
2026-08-26T13:18:15+02:00 --- post_sync start ---
2026-08-26T13:18:15+02:00 RAG hash marker invalidated
2026-08-26T13:18:18+02:00 site repo pushed
2026-08-26T13:18:18+02:00 live check final HTTP code: 200
Running front‑matter validation...
✅ All markdown files have required front‑matter
Checking live site...
✅ Live site returned 200
Running Jellyfin health‑check script...
✅ Jellyfin health‑check script returned Healthy
Running Jellyfin attester...
✅ Jellyfin attester returned OK
Testing RAG query via Hermes skill...
❌ RAG wrapper crashed
2026-08-26T13:18:25+02:00 WARNING: test suite FAILED - inspect /home/aldo/dev/okf-home-lab/logs/post_sync.log
2026-08-26T13:18:25+02:00 --- post_sync done ---
2026-08-26T13:23:28+02:00 --- post_sync start ---
2026-08-26T13:23:28+02:00 RAG hash marker invalidated
2026-08-26T13:23:30+02:00 site repo pushed
2026-08-26T13:23:31+02:00 live check final HTTP code: 200
Running front‑matter validation...
✅ All markdown files have required front‑matter
Checking live site...
✅ Live site returned 200
Running Jellyfin health‑check script...
✅ Jellyfin health‑check script returned Healthy
Running Jellyfin attester...
✅ Jellyfin attester returned OK
Testing RAG query via Hermes skill...
❌ RAG wrapper crashed
2026-08-26T13:23:32+02:00 WARNING: test suite FAILED - inspect /home/aldo/dev/okf-home-lab/logs/post_sync.log
2026-08-26T13:23:32+02:00 --- post_sync done ---
2026-08-26T13:28:35+02:00 --- post_sync start ---
2026-08-26T13:28:35+02:00 RAG hash marker invalidated
2026-08-26T13:28:37+02:00 site repo pushed
2026-08-26T13:28:37+02:00 live check final HTTP code: 200
Running front‑matter validation...
✅ All markdown files have required front‑matter
Checking live site...
✅ Live site returned 200
Running Jellyfin health‑check script...
✅ Jellyfin health‑check script returned Healthy
Running Jellyfin attester...
✅ Jellyfin attester returned OK
Testing RAG query via Hermes skill...
❌ RAG wrapper crashed
2026-08-26T13:28:39+02:00 WARNING: test suite FAILED - inspect /home/aldo/dev/okf-home-lab/logs/post_sync.log
2026-08-26T13:28:39+02:00 --- post_sync done ---
2026-08-26T13:33:41+02:00 --- post_sync start ---
2026-08-26T13:33:41+02:00 RAG hash marker invalidated
2026-08-26T13:33:43+02:00 site repo pushed
2026-08-26T13:33:43+02:00 live check final HTTP code: 200
Running front‑matter validation...
✅ All markdown files have required front‑matter
Checking live site...
✅ Live site returned 200
Running Jellyfin health‑check script...
✅ Jellyfin health‑check script returned Healthy
Running Jellyfin attester...
✅ Jellyfin attester returned OK
Testing RAG query via Hermes skill...
❌ RAG wrapper crashed
2026-08-26T13:33:45+02:00 WARNING: test suite FAILED - inspect /home/aldo/dev/okf-home-lab/logs/post_sync.log
2026-08-26T13:33:45+02:00 --- post_sync done ---
2026-08-26T13:38:46+02:00 --- post_sync start ---
2026-08-26T13:38:46+02:00 RAG hash marker invalidated
2026-08-26T13:38:49+02:00 site repo pushed
2026-08-26T13:38:49+02:00 live check final HTTP code: 200
Running front‑matter validation...
✅ All markdown files have required front‑matter
Checking live site...
✅ Live site returned 200
Running Jellyfin health‑check script...
✅ Jellyfin health‑check script returned Healthy
Running Jellyfin attester...
✅ Jellyfin attester returned OK
Testing RAG query via Hermes skill...
❌ RAG wrapper crashed
2026-08-26T13:38:50+02:00 WARNING: test suite FAILED - inspect /home/aldo/dev/okf-home-lab/logs/post_sync.log
2026-08-26T13:38:50+02:00 --- post_sync done ---
2026-08-26T13:43:52+02:00 --- post_sync start ---
2026-08-26T13:43:52+02:00 RAG hash marker invalidated
2026-08-26T13:43:55+02:00 site repo pushed
2026-08-26T13:43:55+02:00 live check final HTTP code: 200
Running front‑matter validation...
✅ All markdown files have required front‑matter
Checking live site...
✅ Live site returned 200
Running Jellyfin health‑check script...
✅ Jellyfin health‑check script returned Healthy
Running Jellyfin attester...
✅ Jellyfin attester returned OK
Testing RAG query via Hermes skill...
❌ RAG wrapper crashed
2026-08-26T13:43:57+02:00 WARNING: test suite FAILED - inspect /home/aldo/dev/okf-home-lab/logs/post_sync.log
2026-08-26T13:43:57+02:00 --- post_sync done ---
2026-08-26T13:48:59+02:00 --- post_sync start ---
2026-08-26T13:48:59+02:00 RAG hash marker invalidated
2026-08-26T13:49:01+02:00 site repo pushed
2026-08-26T13:49:01+02:00 live check final HTTP code: 200
Running front‑matter validation...
✅ All markdown files have required front‑matter
Checking live site...
✅ Live site returned 200
Running Jellyfin health‑check script...
✅ Jellyfin health‑check script returned Healthy
Running Jellyfin attester...
✅ Jellyfin attester returned OK
Testing RAG query via Hermes skill...
❌ RAG wrapper crashed
2026-08-26T13:49:02+02:00 WARNING: test suite FAILED - inspect /home/aldo/dev/okf-home-lab/logs/post_sync.log
2026-08-26T13:49:02+02:00 --- post_sync done ---
2026-08-26T13:54:05+02:00 --- post_sync start ---
2026-08-26T13:54:05+02:00 RAG hash marker invalidated
2026-08-26T13:54:08+02:00 site repo pushed
2026-08-26T13:54:09+02:00 live check final HTTP code: 200
Running front‑matter validation...
✅ All markdown files have required front‑matter
Checking live site...
✅ Live site returned 200
Running Jellyfin health‑check script...
✅ Jellyfin health‑check script returned Healthy
Running Jellyfin attester...
✅ Jellyfin attester returned OK
Testing RAG query via Hermes skill...
❌ RAG wrapper crashed
2026-08-26T13:54:11+02:00 WARNING: test suite FAILED - inspect /home/aldo/dev/okf-home-lab/logs/post_sync.log
2026-08-26T13:54:11+02:00 --- post_sync done ---
2026-08-26T13:59:14+02:00 --- post_sync start ---
2026-08-26T13:59:14+02:00 RAG hash marker invalidated
2026-08-26T13:59:16+02:00 site repo pushed
2026-08-26T13:59:17+02:00 live check final HTTP code: 200
Running front‑matter validation...
✅ All markdown files have required front‑matter
Checking live site...
✅ Live site returned 200
Running Jellyfin health‑check script...
✅ Jellyfin health‑check script returned Healthy
Running Jellyfin attester...
✅ Jellyfin attester returned OK
Testing RAG query via Hermes skill...
❌ RAG wrapper crashed
2026-08-26T13:59:19+02:00 WARNING: test suite FAILED - inspect /home/aldo/dev/okf-home-lab/logs/post_sync.log
2026-08-26T13:59:19+02:00 --- post_sync done ---
2026-08-26T14:04:22+02:00 --- post_sync start ---
2026-08-26T14:04:22+02:00 RAG hash marker invalidated
2026-08-26T14:04:24+02:00 site repo pushed
2026-08-26T14:04:24+02:00 live check final HTTP code: 200
Running front‑matter validation...
✅ All markdown files have required front‑matter
Checking live site...
✅ Live site returned 200
Running Jellyfin health‑check script...
✅ Jellyfin health‑check script returned Healthy
Running Jellyfin attester...
✅ Jellyfin attester returned OK
Testing RAG query via Hermes skill...
❌ RAG wrapper crashed
2026-08-26T14:04:28+02:00 WARNING: test suite FAILED - inspect /home/aldo/dev/okf-home-lab/logs/post_sync.log
2026-08-26T14:04:28+02:00 --- post_sync done ---
2026-08-26T14:09:31+02:00 --- post_sync start ---
2026-08-26T14:09:31+02:00 RAG hash marker invalidated
2026-08-26T14:09:34+02:00 site repo pushed
2026-08-26T14:09:34+02:00 live check final HTTP code: 200
Running front‑matter validation...
✅ All markdown files have required front‑matter
Checking live site...
✅ Live site returned 200
Running Jellyfin health‑check script...
✅ Jellyfin health‑check script returned Healthy
Running Jellyfin attester...
✅ Jellyfin attester returned OK
Testing RAG query via Hermes skill...
❌ RAG wrapper crashed
2026-08-26T14:09:39+02:00 WARNING: test suite FAILED - inspect /home/aldo/dev/okf-home-lab/logs/post_sync.log
2026-08-26T14:09:39+02:00 --- post_sync done ---
2026-08-26T14:14:43+02:00 --- post_sync start ---
2026-08-26T14:14:43+02:00 RAG hash marker invalidated
2026-08-26T14:14:45+02:00 site repo pushed
2026-08-26T14:14:46+02:00 live check final HTTP code: 200
Running front‑matter validation...
✅ All markdown files have required front‑matter
Checking live site...
✅ Live site returned 200
Running Jellyfin health‑check script...
✅ Jellyfin health‑check script returned Healthy
Running Jellyfin attester...
✅ Jellyfin attester returned OK
Testing RAG query via Hermes skill...
❌ RAG wrapper crashed
2026-08-26T14:14:48+02:00 WARNING: test suite FAILED - inspect /home/aldo/dev/okf-home-lab/logs/post_sync.log
2026-08-26T14:14:48+02:00 --- post_sync done ---
2026-08-26T14:19:50+02:00 --- post_sync start ---
2026-08-26T14:19:50+02:00 RAG hash marker invalidated
2026-08-26T14:19:53+02:00 site repo pushed
2026-08-26T14:19:53+02:00 live check final HTTP code: 200
Running front‑matter validation...
✅ All markdown files have required front‑matter
Checking live site...
✅ Live site returned 200
Running Jellyfin health‑check script...
✅ Jellyfin health‑check script returned Healthy
Running Jellyfin attester...
✅ Jellyfin attester returned OK
Testing RAG query via Hermes skill...
❌ RAG wrapper crashed
2026-08-26T14:19:56+02:00 WARNING: test suite FAILED - inspect /home/aldo/dev/okf-home-lab/logs/post_sync.log
2026-08-26T14:19:56+02:00 --- post_sync done ---
2026-08-26T14:25:01+02:00 --- post_sync start ---
2026-08-26T14:25:01+02:00 RAG hash marker invalidated
2026-08-26T14:25:04+02:00 site repo pushed
2026-08-26T14:25:04+02:00 live check final HTTP code: 200
Running front‑matter validation...
✅ All markdown files have required front‑matter
Checking live site...
✅ Live site returned 200
Running Jellyfin health‑check script...
✅ Jellyfin health‑check script returned Healthy
Running Jellyfin attester...
✅ Jellyfin attester returned OK
Testing RAG query via Hermes skill...
❌ RAG wrapper crashed
2026-08-26T14:25:08+02:00 WARNING: test suite FAILED - inspect /home/aldo/dev/okf-home-lab/logs/post_sync.log
2026-08-26T14:25:08+02:00 --- post_sync done ---
2026-08-26T14:30:11+02:00 --- post_sync start ---
2026-08-26T14:30:11+02:00 RAG hash marker invalidated
2026-08-26T14:30:14+02:00 site repo pushed
2026-08-26T14:30:15+02:00 live check final HTTP code: 200
Running front‑matter validation...
✅ All markdown files have required front‑matter
Checking live site...
✅ Live site returned 200
Running Jellyfin health‑check script...
✅ Jellyfin health‑check script returned Healthy
Running Jellyfin attester...
✅ Jellyfin attester returned OK
Testing RAG query via Hermes skill...
❌ RAG wrapper crashed
2026-08-26T14:30:18+02:00 WARNING: test suite FAILED - inspect /home/aldo/dev/okf-home-lab/logs/post_sync.log
2026-08-26T14:30:18+02:00 --- post_sync done ---
2026-08-26T14:35:22+02:00 --- post_sync start ---
2026-08-26T14:35:22+02:00 RAG hash marker invalidated
2026-08-26T14:35:24+02:00 site repo pushed
2026-08-26T14:35:24+02:00 live check final HTTP code: 200
Running front‑matter validation...
✅ All markdown files have required front‑matter
Checking live site...
✅ Live site returned 200
Running Jellyfin health‑check script...
✅ Jellyfin health‑check script returned Healthy
Running Jellyfin attester...
✅ Jellyfin attester returned OK
Testing RAG query via Hermes skill...
❌ RAG wrapper crashed
2026-08-26T14:35:28+02:00 WARNING: test suite FAILED - inspect /home/aldo/dev/okf-home-lab/logs/post_sync.log
2026-08-26T14:35:28+02:00 --- post_sync done ---
2026-08-26T14:40:31+02:00 --- post_sync start ---
2026-08-26T14:40:31+02:00 RAG hash marker invalidated
2026-08-26T14:40:34+02:00 site repo pushed
2026-08-26T14:40:34+02:00 live check final HTTP code: 200
Running front‑matter validation...
✅ All markdown files have required front‑matter
Checking live site...
✅ Live site returned 200
Running Jellyfin health‑check script...
✅ Jellyfin health‑check script returned Healthy
Running Jellyfin attester...
✅ Jellyfin attester returned OK
Testing RAG query via Hermes skill...
❌ RAG wrapper crashed
2026-08-26T14:40:38+02:00 WARNING: test suite FAILED - inspect /home/aldo/dev/okf-home-lab/logs/post_sync.log
2026-08-26T14:40:38+02:00 --- post_sync done ---
2026-08-26T14:45:47+02:00 --- post_sync start ---
2026-08-26T14:45:47+02:00 RAG hash marker invalidated
2026-08-26T14:45:51+02:00 site repo pushed
2026-08-26T14:45:51+02:00 live check final HTTP code: 200
Running front‑matter validation...
✅ All markdown files have required front‑matter
Checking live site...
✅ Live site returned 200
Running Jellyfin health‑check script...
✅ Jellyfin health‑check script returned Healthy
Running Jellyfin attester...
✅ Jellyfin attester returned OK
Testing RAG query via Hermes skill...
❌ RAG wrapper crashed
2026-08-26T14:45:58+02:00 WARNING: test suite FAILED - inspect /home/aldo/dev/okf-home-lab/logs/post_sync.log
2026-08-26T14:45:58+02:00 --- post_sync done ---
2026-08-26T14:51:03+02:00 --- post_sync start ---
2026-08-26T14:51:03+02:00 RAG hash marker invalidated
2026-08-26T14:51:06+02:00 site repo pushed
2026-08-26T14:51:06+02:00 live check final HTTP code: 200
Running front‑matter validation...
✅ All markdown files have required front‑matter
Checking live site...
✅ Live site returned 200
Running Jellyfin health‑check script...
✅ Jellyfin health‑check script returned Healthy
Running Jellyfin attester...
✅ Jellyfin attester returned OK
Testing RAG query via Hermes skill...
❌ RAG wrapper crashed
2026-08-26T14:51:12+02:00 WARNING: test suite FAILED - inspect /home/aldo/dev/okf-home-lab/logs/post_sync.log
2026-08-26T14:51:12+02:00 --- post_sync done ---
2026-08-26T14:56:23+02:00 --- post_sync start ---
2026-08-26T14:56:23+02:00 RAG hash marker invalidated
2026-08-26T14:56:26+02:00 site repo pushed
2026-08-26T14:56:27+02:00 live check final HTTP code: 200
Running front‑matter validation...
✅ All markdown files have required front‑matter
Checking live site...
✅ Live site returned 200
Running Jellyfin health‑check script...
✅ Jellyfin health‑check script returned Healthy
Running Jellyfin attester...
✅ Jellyfin attester returned OK
Testing RAG query via Hermes skill...
❌ RAG wrapper crashed
2026-08-26T14:56:33+02:00 WARNING: test suite FAILED - inspect /home/aldo/dev/okf-home-lab/logs/post_sync.log
2026-08-26T14:56:33+02:00 --- post_sync done ---
2026-08-26T15:01:52+02:00 --- post_sync start ---
2026-08-26T15:01:53+02:00 RAG hash marker invalidated
2026-08-26T15:01:58+02:00 site repo pushed
2026-08-26T15:01:59+02:00 live check final HTTP code: 200
Running front‑matter validation...
✅ All markdown files have required front‑matter
Checking live site...
✅ Live site returned 200
Running Jellyfin health‑check script...
✅ Jellyfin health‑check script returned Healthy
Running Jellyfin attester...
✅ Jellyfin attester returned OK
Testing RAG query via Hermes skill...
❌ RAG wrapper crashed
2026-08-26T15:02:16+02:00 WARNING: test suite FAILED - inspect /home/aldo/dev/okf-home-lab/logs/post_sync.log
2026-08-26T15:02:16+02:00 --- post_sync done ---
2026-08-26T15:07:26+02:00 --- post_sync start ---
2026-08-26T15:07:26+02:00 RAG hash marker invalidated
2026-08-26T15:07:29+02:00 site repo pushed
2026-08-26T15:07:30+02:00 live check final HTTP code: 200
Running front‑matter validation...
✅ All markdown files have required front‑matter
Checking live site...
✅ Live site returned 200
Running Jellyfin health‑check script...
✅ Jellyfin health‑check script returned Healthy
Running Jellyfin attester...
✅ Jellyfin attester returned OK
Testing RAG query via Hermes skill...
❌ RAG wrapper crashed
2026-08-26T15:07:37+02:00 WARNING: test suite FAILED - inspect /home/aldo/dev/okf-home-lab/logs/post_sync.log
2026-08-26T15:07:37+02:00 --- post_sync done ---
2026-08-26T15:12:43+02:00 --- post_sync start ---
2026-08-26T15:12:43+02:00 RAG hash marker invalidated
2026-08-26T15:12:47+02:00 site repo pushed
2026-08-26T15:12:47+02:00 live check final HTTP code: 200
Running front‑matter validation...
✅ All markdown files have required front‑matter
Checking live site...
✅ Live site returned 200
Running Jellyfin health‑check script...
✅ Jellyfin health‑check script returned Healthy
Running Jellyfin attester...
✅ Jellyfin attester returned OK
Testing RAG query via Hermes skill...
❌ RAG wrapper crashed
2026-08-26T15:12:53+02:00 WARNING: test suite FAILED - inspect /home/aldo/dev/okf-home-lab/logs/post_sync.log
2026-08-26T15:12:53+02:00 --- post_sync done ---
2026-08-26T15:17:57+02:00 --- post_sync start ---
2026-08-26T15:17:57+02:00 RAG hash marker invalidated
2026-08-26T15:18:00+02:00 site repo pushed
2026-08-26T15:18:01+02:00 live check final HTTP code: 200
Running front‑matter validation...
✅ All markdown files have required front‑matter
Checking live site...
✅ Live site returned 200
Running Jellyfin health‑check script...
✅ Jellyfin health‑check script returned Healthy
Running Jellyfin attester...
✅ Jellyfin attester returned OK
Testing RAG query via Hermes skill...
❌ RAG wrapper crashed
2026-08-26T15:18:04+02:00 WARNING: test suite FAILED - inspect /home/aldo/dev/okf-home-lab/logs/post_sync.log
2026-08-26T15:18:04+02:00 --- post_sync done ---
2026-08-26T15:23:08+02:00 --- post_sync start ---
2026-08-26T15:23:08+02:00 RAG hash marker invalidated
2026-08-26T15:23:11+02:00 site repo pushed
2026-08-26T15:23:12+02:00 live check final HTTP code: 200
Running front‑matter validation...
✅ All markdown files have required front‑matter
Checking live site...
✅ Live site returned 200
Running Jellyfin health‑check script...
✅ Jellyfin health‑check script returned Healthy
Running Jellyfin attester...
✅ Jellyfin attester returned OK
Testing RAG query via Hermes skill...
❌ RAG wrapper crashed
2026-08-26T15:23:14+02:00 WARNING: test suite FAILED - inspect /home/aldo/dev/okf-home-lab/logs/post_sync.log
2026-08-26T15:23:14+02:00 --- post_sync done ---
2026-08-26T15:28:19+02:00 --- post_sync start ---
2026-08-26T15:28:19+02:00 RAG hash marker invalidated
2026-08-26T15:28:22+02:00 site repo pushed
2026-08-26T15:28:23+02:00 live check final HTTP code: 200
Running front‑matter validation...
✅ All markdown files have required front‑matter
Checking live site...
✅ Live site returned 200
Running Jellyfin health‑check script...
✅ Jellyfin health‑check script returned Healthy
Running Jellyfin attester...
✅ Jellyfin attester returned OK
Testing RAG query via Hermes skill...
❌ RAG wrapper crashed
2026-08-26T15:28:29+02:00 WARNING: test suite FAILED - inspect /home/aldo/dev/okf-home-lab/logs/post_sync.log
2026-08-26T15:28:29+02:00 --- post_sync done ---
2026-08-26T15:33:34+02:00 --- post_sync start ---
2026-08-26T15:33:34+02:00 RAG hash marker invalidated
2026-08-26T15:33:37+02:00 site repo pushed
2026-08-26T15:33:37+02:00 live check final HTTP code: 200
Running front‑matter validation...
✅ All markdown files have required front‑matter
Checking live site...
✅ Live site returned 200
Running Jellyfin health‑check script...
✅ Jellyfin health‑check script returned Healthy
Running Jellyfin attester...
✅ Jellyfin attester returned OK
Testing RAG query via Hermes skill...
❌ RAG wrapper crashed
2026-08-26T15:33:40+02:00 WARNING: test suite FAILED - inspect /home/aldo/dev/okf-home-lab/logs/post_sync.log
2026-08-26T15:33:40+02:00 --- post_sync done ---
2026-08-26T15:38:45+02:00 --- post_sync start ---
2026-08-26T15:38:45+02:00 RAG hash marker invalidated
2026-08-26T15:38:47+02:00 site repo pushed
2026-08-26T15:38:48+02:00 live check final HTTP code: 200
Running front‑matter validation...
✅ All markdown files have required front‑matter
Checking live site...
✅ Live site returned 200
Running Jellyfin health‑check script...
✅ Jellyfin health‑check script returned Healthy
Running Jellyfin attester...
✅ Jellyfin attester returned OK
Testing RAG query via Hermes skill...
❌ RAG wrapper crashed
2026-08-26T15:38:51+02:00 WARNING: test suite FAILED - inspect /home/aldo/dev/okf-home-lab/logs/post_sync.log
2026-08-26T15:38:51+02:00 --- post_sync done ---
2026-08-26T15:43:54+02:00 --- post_sync start ---
2026-08-26T15:43:54+02:00 RAG hash marker invalidated
2026-08-26T15:43:57+02:00 site repo pushed
2026-08-26T15:43:57+02:00 live check final HTTP code: 200
Running front‑matter validation...
✅ All markdown files have required front‑matter
Checking live site...
✅ Live site returned 200
Running Jellyfin health‑check script...
✅ Jellyfin health‑check script returned Healthy
Running Jellyfin attester...
✅ Jellyfin attester returned OK
Testing RAG query via Hermes skill...
❌ RAG wrapper crashed
2026-08-26T15:44:00+02:00 WARNING: test suite FAILED - inspect /home/aldo/dev/okf-home-lab/logs/post_sync.log
2026-08-26T15:44:00+02:00 --- post_sync done ---
2026-08-26T15:49:06+02:00 --- post_sync start ---
2026-08-26T15:49:06+02:00 RAG hash marker invalidated
2026-08-26T15:49:09+02:00 site repo pushed
2026-08-26T15:49:09+02:00 live check final HTTP code: 200
Running front‑matter validation...
✅ All markdown files have required front‑matter
Checking live site...
✅ Live site returned 200
Running Jellyfin health‑check script...
✅ Jellyfin health‑check script returned Healthy
Running Jellyfin attester...
✅ Jellyfin attester returned OK
Testing RAG query via Hermes skill...
❌ RAG wrapper crashed
2026-08-26T15:49:12+02:00 WARNING: test suite FAILED - inspect /home/aldo/dev/okf-home-lab/logs/post_sync.log
2026-08-26T15:49:12+02:00 --- post_sync done ---
2026-08-26T15:54:22+02:00 --- post_sync start ---
2026-08-26T15:54:22+02:00 RAG hash marker invalidated
2026-08-26T15:54:25+02:00 site repo pushed
2026-08-26T15:54:26+02:00 live check final HTTP code: 200
Running front‑matter validation...
✅ All markdown files have required front‑matter
Checking live site...
✅ Live site returned 200
Running Jellyfin health‑check script...
✅ Jellyfin health‑check script returned Healthy
Running Jellyfin attester...
✅ Jellyfin attester returned OK
Testing RAG query via Hermes skill...
❌ RAG wrapper crashed
2026-08-26T15:54:55+02:00 WARNING: test suite FAILED - inspect /home/aldo/dev/okf-home-lab/logs/post_sync.log
2026-08-26T15:54:55+02:00 --- post_sync done ---
2026-08-26T16:00:14+02:00 --- post_sync start ---
2026-08-26T16:00:14+02:00 RAG hash marker invalidated
2026-08-26T16:00:27+02:00 site repo pushed
2026-08-26T16:00:40+02:00 live check final HTTP code: 200
Running front‑matter validation...
✅ All markdown files have required front‑matter
Checking live site...
✅ Live site returned 200
Running Jellyfin health‑check script...
✅ Jellyfin health‑check script returned Healthy
Running Jellyfin attester...
✅ Jellyfin attester returned OK
Testing RAG query via Hermes skill...
❌ RAG wrapper crashed
2026-08-26T16:01:29+02:00 WARNING: test suite FAILED - inspect /home/aldo/dev/okf-home-lab/logs/post_sync.log
2026-08-26T16:01:29+02:00 --- post_sync done ---
2026-08-26T16:06:34+02:00 --- post_sync start ---
2026-08-26T16:06:34+02:00 RAG hash marker invalidated
2026-08-26T16:06:37+02:00 site repo pushed
2026-08-26T16:06:37+02:00 live check final HTTP code: 200
Running front‑matter validation...
✅ All markdown files have required front‑matter
Checking live site...
✅ Live site returned 200
Running Jellyfin health‑check script...
✅ Jellyfin health‑check script returned Healthy
Running Jellyfin attester...
✅ Jellyfin attester returned OK
Testing RAG query via Hermes skill...
❌ RAG wrapper crashed
2026-08-26T16:06:40+02:00 WARNING: test suite FAILED - inspect /home/aldo/dev/okf-home-lab/logs/post_sync.log
2026-08-26T16:06:40+02:00 --- post_sync done ---
2026-08-26T16:11:44+02:00 --- post_sync start ---
2026-08-26T16:11:44+02:00 RAG hash marker invalidated
2026-08-26T16:11:47+02:00 site repo pushed
2026-08-26T16:11:47+02:00 live check final HTTP code: 200
Running front‑matter validation...
✅ All markdown files have required front‑matter
Checking live site...
✅ Live site returned 200
Running Jellyfin health‑check script...
✅ Jellyfin health‑check script returned Healthy
Running Jellyfin attester...
✅ Jellyfin attester returned OK
Testing RAG query via Hermes skill...
❌ RAG wrapper crashed
2026-08-26T16:11:50+02:00 WARNING: test suite FAILED - inspect /home/aldo/dev/okf-home-lab/logs/post_sync.log
2026-08-26T16:11:50+02:00 --- post_sync done ---
2026-08-26T16:16:54+02:00 --- post_sync start ---
2026-08-26T16:16:54+02:00 RAG hash marker invalidated
2026-08-26T16:16:57+02:00 site repo pushed
2026-08-26T16:16:57+02:00 live check final HTTP code: 200
Running front‑matter validation...
✅ All markdown files have required front‑matter
Checking live site...
✅ Live site returned 200
Running Jellyfin health‑check script...
✅ Jellyfin health‑check script returned Healthy
Running Jellyfin attester...
✅ Jellyfin attester returned OK
Testing RAG query via Hermes skill...
❌ RAG wrapper crashed
2026-08-26T16:17:00+02:00 WARNING: test suite FAILED - inspect /home/aldo/dev/okf-home-lab/logs/post_sync.log
2026-08-26T16:17:00+02:00 --- post_sync done ---
2026-08-26T16:22:07+02:00 --- post_sync start ---
2026-08-26T16:22:07+02:00 RAG hash marker invalidated
2026-08-26T16:22:10+02:00 site repo pushed
2026-08-26T16:22:11+02:00 live check final HTTP code: 200
Running front‑matter validation...
✅ All markdown files have required front‑matter
Checking live site...
✅ Live site returned 200
Running Jellyfin health‑check script...
✅ Jellyfin health‑check script returned Healthy
Running Jellyfin attester...
✅ Jellyfin attester returned OK
Testing RAG query via Hermes skill...
❌ RAG wrapper crashed
2026-08-26T16:22:14+02:00 WARNING: test suite FAILED - inspect /home/aldo/dev/okf-home-lab/logs/post_sync.log
2026-08-26T16:22:14+02:00 --- post_sync done ---
2026-08-26T16:27:19+02:00 --- post_sync start ---
2026-08-26T16:27:19+02:00 RAG hash marker invalidated
2026-08-26T16:27:21+02:00 site repo pushed
2026-08-26T16:27:21+02:00 live check final HTTP code: 200
Running front‑matter validation...
✅ All markdown files have required front‑matter
Checking live site...
✅ Live site returned 200
Running Jellyfin health‑check script...
✅ Jellyfin health‑check script returned Healthy
Running Jellyfin attester...
✅ Jellyfin attester returned OK
Testing RAG query via Hermes skill...
❌ RAG wrapper crashed
2026-08-26T16:27:24+02:00 WARNING: test suite FAILED - inspect /home/aldo/dev/okf-home-lab/logs/post_sync.log
2026-08-26T16:27:24+02:00 --- post_sync done ---
2026-08-26T16:32:29+02:00 --- post_sync start ---
2026-08-26T16:32:29+02:00 RAG hash marker invalidated
2026-08-26T16:32:32+02:00 site repo pushed
2026-08-26T16:32:32+02:00 live check final HTTP code: 200
Running front‑matter validation...
✅ All markdown files have required front‑matter
Checking live site...
✅ Live site returned 200
Running Jellyfin health‑check script...
✅ Jellyfin health‑check script returned Healthy
Running Jellyfin attester...
✅ Jellyfin attester returned OK
Testing RAG query via Hermes skill...
❌ RAG wrapper crashed
2026-08-26T16:32:35+02:00 WARNING: test suite FAILED - inspect /home/aldo/dev/okf-home-lab/logs/post_sync.log
2026-08-26T16:32:35+02:00 --- post_sync done ---
2026-08-26T16:37:45+02:00 --- post_sync start ---
2026-08-26T16:37:45+02:00 RAG hash marker invalidated
2026-08-26T16:37:49+02:00 site repo pushed
2026-08-26T16:37:50+02:00 live check final HTTP code: 200
Running front‑matter validation...
✅ All markdown files have required front‑matter
Checking live site...
✅ Live site returned 200
Running Jellyfin health‑check script...
✅ Jellyfin health‑check script returned Healthy
Running Jellyfin attester...
✅ Jellyfin attester returned OK
Testing RAG query via Hermes skill...
❌ RAG wrapper crashed
2026-08-26T16:37:57+02:00 WARNING: test suite FAILED - inspect /home/aldo/dev/okf-home-lab/logs/post_sync.log
2026-08-26T16:37:57+02:00 --- post_sync done ---
2026-08-26T16:43:04+02:00 --- post_sync start ---
2026-08-26T16:43:04+02:00 RAG hash marker invalidated
2026-08-26T16:43:07+02:00 site repo pushed
2026-08-26T16:43:07+02:00 live check final HTTP code: 200
Running front‑matter validation...
✅ All markdown files have required front‑matter
Checking live site...
✅ Live site returned 200
Running Jellyfin health‑check script...
✅ Jellyfin health‑check script returned Healthy
Running Jellyfin attester...
✅ Jellyfin attester returned OK
Testing RAG query via Hermes skill...
❌ RAG wrapper crashed
2026-08-26T16:43:11+02:00 WARNING: test suite FAILED - inspect /home/aldo/dev/okf-home-lab/logs/post_sync.log
2026-08-26T16:43:11+02:00 --- post_sync done ---
2026-08-26T16:48:17+02:00 --- post_sync start ---
2026-08-26T16:48:17+02:00 RAG hash marker invalidated
2026-08-26T16:48:20+02:00 site repo pushed
2026-08-26T16:48:21+02:00 live check final HTTP code: 200
Running front‑matter validation...
✅ All markdown files have required front‑matter
Checking live site...
✅ Live site returned 200
Running Jellyfin health‑check script...
✅ Jellyfin health‑check script returned Healthy
Running Jellyfin attester...
✅ Jellyfin attester returned OK
Testing RAG query via Hermes skill...
❌ RAG wrapper crashed
2026-08-26T16:48:26+02:00 WARNING: test suite FAILED - inspect /home/aldo/dev/okf-home-lab/logs/post_sync.log
2026-08-26T16:48:26+02:00 --- post_sync done ---
2026-08-26T16:53:31+02:00 --- post_sync start ---
2026-08-26T16:53:31+02:00 RAG hash marker invalidated
2026-08-26T16:53:33+02:00 site repo pushed
2026-08-26T16:53:33+02:00 live check final HTTP code: 200
Running front‑matter validation...
✅ All markdown files have required front‑matter
Checking live site...
✅ Live site returned 200
Running Jellyfin health‑check script...
✅ Jellyfin health‑check script returned Healthy
Running Jellyfin attester...
✅ Jellyfin attester returned OK
Testing RAG query via Hermes skill...
❌ RAG wrapper crashed
2026-08-26T16:53:38+02:00 WARNING: test suite FAILED - inspect /home/aldo/dev/okf-home-lab/logs/post_sync.log
2026-08-26T16:53:38+02:00 --- post_sync done ---
2026-08-26T16:58:42+02:00 --- post_sync start ---
2026-08-26T16:58:42+02:00 RAG hash marker invalidated
2026-08-26T16:58:45+02:00 site repo pushed
2026-08-26T16:58:45+02:00 live check final HTTP code: 200
Running front‑matter validation...
✅ All markdown files have required front‑matter
Checking live site...
✅ Live site returned 200
Running Jellyfin health‑check script...
✅ Jellyfin health‑check script returned Healthy
Running Jellyfin attester...
✅ Jellyfin attester returned OK
Testing RAG query via Hermes skill...
❌ RAG wrapper crashed
2026-08-26T16:58:48+02:00 WARNING: test suite FAILED - inspect /home/aldo/dev/okf-home-lab/logs/post_sync.log
2026-08-26T16:58:48+02:00 --- post_sync done ---
2026-08-26T17:03:56+02:00 --- post_sync start ---
2026-08-26T17:03:56+02:00 RAG hash marker invalidated
2026-08-26T17:04:05+02:00 site repo pushed
2026-08-26T17:04:11+02:00 live check final HTTP code: 200
Running front‑matter validation...
✅ All markdown files have required front‑matter
Checking live site...
✅ Live site returned 200
Running Jellyfin health‑check script...
✅ Jellyfin health‑check script returned Healthy
Running Jellyfin attester...
✅ Jellyfin attester returned OK
Testing RAG query via Hermes skill...
❌ RAG wrapper crashed
2026-08-26T17:04:30+02:00 WARNING: test suite FAILED - inspect /home/aldo/dev/okf-home-lab/logs/post_sync.log
2026-08-26T17:04:30+02:00 --- post_sync done ---
2026-08-26T17:09:36+02:00 --- post_sync start ---
2026-08-26T17:09:36+02:00 RAG hash marker invalidated
2026-08-26T17:09:40+02:00 site repo pushed
2026-08-26T17:09:40+02:00 live check final HTTP code: 200
Running front‑matter validation...
✅ All markdown files have required front‑matter
Checking live site...
✅ Live site returned 200
Running Jellyfin health‑check script...
✅ Jellyfin health‑check script returned Healthy
Running Jellyfin attester...
✅ Jellyfin attester returned OK
Testing RAG query via Hermes skill...
❌ RAG wrapper crashed
2026-08-26T17:09:45+02:00 WARNING: test suite FAILED - inspect /home/aldo/dev/okf-home-lab/logs/post_sync.log
2026-08-26T17:09:45+02:00 --- post_sync done ---
2026-08-26T17:14:58+02:00 --- post_sync start ---
2026-08-26T17:14:58+02:00 RAG hash marker invalidated
2026-08-26T17:15:07+02:00 site repo pushed
2026-08-26T17:15:14+02:00 live check final HTTP code: 200
Running front‑matter validation...
✅ All markdown files have required front‑matter
Checking live site...
✅ Live site returned 200
Running Jellyfin health‑check script...
✅ Jellyfin health‑check script returned Healthy
Running Jellyfin attester...
✅ Jellyfin attester returned OK
Testing RAG query via Hermes skill...
❌ RAG wrapper crashed
2026-08-26T17:15:17+02:00 WARNING: test suite FAILED - inspect /home/aldo/dev/okf-home-lab/logs/post_sync.log
2026-08-26T17:15:17+02:00 --- post_sync done ---
2026-08-26T17:20:25+02:00 --- post_sync start ---
2026-08-26T17:20:25+02:00 RAG hash marker invalidated
2026-08-26T17:20:28+02:00 site repo pushed
2026-08-26T17:20:28+02:00 live check final HTTP code: 200
Running front‑matter validation...
✅ All markdown files have required front‑matter
Checking live site...
✅ Live site returned 200
Running Jellyfin health‑check script...
✅ Jellyfin health‑check script returned Healthy
Running Jellyfin attester...
✅ Jellyfin attester returned OK
Testing RAG query via Hermes skill...
❌ RAG wrapper crashed
2026-08-26T17:20:31+02:00 WARNING: test suite FAILED - inspect /home/aldo/dev/okf-home-lab/logs/post_sync.log
2026-08-26T17:20:31+02:00 --- post_sync done ---
2026-08-26T17:25:39+02:00 --- post_sync start ---
2026-08-26T17:25:39+02:00 RAG hash marker invalidated
2026-08-26T17:25:43+02:00 site repo pushed
2026-08-26T17:25:43+02:00 live check final HTTP code: 200
Running front‑matter validation...
✅ All markdown files have required front‑matter
Checking live site...
✅ Live site returned 200
Running Jellyfin health‑check script...
✅ Jellyfin health‑check script returned Healthy
Running Jellyfin attester...
✅ Jellyfin attester returned OK
Testing RAG query via Hermes skill...
❌ RAG wrapper crashed
2026-08-26T17:25:57+02:00 WARNING: test suite FAILED - inspect /home/aldo/dev/okf-home-lab/logs/post_sync.log
2026-08-26T17:25:57+02:00 --- post_sync done ---
2026-08-26T17:31:03+02:00 --- post_sync start ---
2026-08-26T17:31:03+02:00 RAG hash marker invalidated
2026-08-26T17:31:05+02:00 site repo pushed
2026-08-26T17:31:06+02:00 live check final HTTP code: 200
Running front‑matter validation...
✅ All markdown files have required front‑matter
Checking live site...
✅ Live site returned 200
Running Jellyfin health‑check script...
✅ Jellyfin health‑check script returned Healthy
Running Jellyfin attester...
✅ Jellyfin attester returned OK
Testing RAG query via Hermes skill...
❌ RAG wrapper crashed
2026-08-26T17:31:08+02:00 WARNING: test suite FAILED - inspect /home/aldo/dev/okf-home-lab/logs/post_sync.log
2026-08-26T17:31:08+02:00 --- post_sync done ---
2026-08-26T17:36:19+02:00 --- post_sync start ---
2026-08-26T17:36:19+02:00 RAG hash marker invalidated
2026-08-26T17:36:22+02:00 site repo pushed
2026-08-26T17:36:23+02:00 live check final HTTP code: 200
Running front‑matter validation...
✅ All markdown files have required front‑matter
Checking live site...
✅ Live site returned 200
Running Jellyfin health‑check script...
✅ Jellyfin health‑check script returned Healthy
Running Jellyfin attester...
✅ Jellyfin attester returned OK
Testing RAG query via Hermes skill...
❌ RAG wrapper crashed
2026-08-26T17:36:26+02:00 WARNING: test suite FAILED - inspect /home/aldo/dev/okf-home-lab/logs/post_sync.log
2026-08-26T17:36:26+02:00 --- post_sync done ---
2026-08-26T17:41:36+02:00 --- post_sync start ---
2026-08-26T17:41:36+02:00 RAG hash marker invalidated
2026-08-26T17:41:39+02:00 site repo pushed
2026-08-26T17:41:39+02:00 live check final HTTP code: 200
Running front‑matter validation...
✅ All markdown files have required front‑matter
Checking live site...
✅ Live site returned 200
Running Jellyfin health‑check script...
✅ Jellyfin health‑check script returned Healthy
Running Jellyfin attester...
✅ Jellyfin attester returned OK
Testing RAG query via Hermes skill...
❌ RAG wrapper crashed
2026-08-26T17:41:43+02:00 WARNING: test suite FAILED - inspect /home/aldo/dev/okf-home-lab/logs/post_sync.log
2026-08-26T17:41:43+02:00 --- post_sync done ---
2026-08-26T17:46:49+02:00 --- post_sync start ---
2026-08-26T17:46:49+02:00 RAG hash marker invalidated
2026-08-26T17:46:57+02:00 site repo pushed
2026-08-26T17:46:57+02:00 live check final HTTP code: 200
Running front‑matter validation...
✅ All markdown files have required front‑matter
Checking live site...
✅ Live site returned 200
Running Jellyfin health‑check script...
✅ Jellyfin health‑check script returned Healthy
Running Jellyfin attester...
✅ Jellyfin attester returned OK
Testing RAG query via Hermes skill...
❌ RAG wrapper crashed
2026-08-26T17:47:01+02:00 WARNING: test suite FAILED - inspect /home/aldo/dev/okf-home-lab/logs/post_sync.log
2026-08-26T17:47:01+02:00 --- post_sync done ---
2026-08-26T17:52:08+02:00 --- post_sync start ---
2026-08-26T17:52:08+02:00 RAG hash marker invalidated
2026-08-26T17:52:10+02:00 site repo pushed
2026-08-26T17:52:10+02:00 live check final HTTP code: 200
Running front‑matter validation...
✅ All markdown files have required front‑matter
Checking live site...
✅ Live site returned 200
Running Jellyfin health‑check script...
✅ Jellyfin health‑check script returned Healthy
Running Jellyfin attester...
✅ Jellyfin attester returned OK
Testing RAG query via Hermes skill...
❌ RAG wrapper crashed
2026-08-26T17:52:14+02:00 WARNING: test suite FAILED - inspect /home/aldo/dev/okf-home-lab/logs/post_sync.log
2026-08-26T17:52:14+02:00 --- post_sync done ---
2026-08-26T17:57:35+02:00 --- post_sync start ---
2026-08-26T17:57:35+02:00 RAG hash marker invalidated
2026-08-26T17:57:43+02:00 site repo pushed
2026-08-26T17:57:44+02:00 live check final HTTP code: 200
Running front‑matter validation...
✅ All markdown files have required front‑matter
Checking live site...
✅ Live site returned 200
Running Jellyfin health‑check script...
✅ Jellyfin health‑check script returned Healthy
Running Jellyfin attester...
❌ Jellyfin attester failed
2026-08-26T17:58:49+02:00 WARNING: test suite FAILED - inspect /home/aldo/dev/okf-home-lab/logs/post_sync.log
2026-08-26T17:58:49+02:00 --- post_sync done ---
2026-08-26T18:08:31+02:00 --- post_sync start ---
2026-08-26T18:08:32+02:00 RAG hash marker invalidated
2026-08-26T18:13:19+02:00 site repo pushed
2026-08-26T18:13:52+02:00 live check final HTTP code: 200
Running front‑matter validation...
✅ All markdown files have required front‑matter
Checking live site...
✅ Live site returned 200
Running Jellyfin health‑check script...
❌ Jellyfin health‑check failed
2026-08-26T18:18:55+02:00 WARNING: test suite FAILED - inspect /home/aldo/dev/okf-home-lab/logs/post_sync.log
2026-08-26T18:18:55+02:00 --- post_sync done ---
2026-08-26T18:26:07+02:00 --- post_sync start ---
2026-08-26T18:26:07+02:00 RAG hash marker invalidated
2026-08-26T18:28:06+02:00 site repo pushed
2026-08-26T18:28:10+02:00 live check final HTTP code: 200
Running front‑matter validation...
✅ All markdown files have required front‑matter
Checking live site...
✅ Live site returned 200
Running Jellyfin health‑check script...
❌ Jellyfin health‑check failed
2026-08-26T18:32:51+02:00 WARNING: test suite FAILED - inspect /home/aldo/dev/okf-home-lab/logs/post_sync.log
2026-08-26T18:32:51+02:00 --- post_sync done ---
2026-08-26T18:40:23+02:00 --- post_sync start ---
2026-08-26T18:40:23+02:00 RAG hash marker invalidated
2026-08-26T18:45:22+02:00 site repo pushed
2026-08-26T18:45:49+02:00 live check final HTTP code: 200
Running front‑matter validation...
✅ All markdown files have required front‑matter
Checking live site...
✅ Live site returned 200
Running Jellyfin health‑check script...
❌ Jellyfin health‑check failed
2026-08-26T18:49:13+02:00 WARNING: test suite FAILED - inspect /home/aldo/dev/okf-home-lab/logs/post_sync.log
2026-08-26T18:49:13+02:00 --- post_sync done ---
2026-08-26T19:02:58+02:00 --- post_sync start ---
2026-08-26T19:02:58+02:00 RAG hash marker invalidated
2026-08-26T19:05:40+02:00 site repo pushed
2026-08-26T19:05:47+02:00 live check final HTTP code: 200
Running front‑matter validation...
✅ All markdown files have required front‑matter
Checking live site...
✅ Live site returned 200
Running Jellyfin health‑check script...
✅ Jellyfin health‑check script returned Healthy
Running Jellyfin attester...
✅ Jellyfin attester returned OK
Testing RAG query via Hermes skill...
❌ RAG wrapper crashed
2026-08-26T19:09:01+02:00 WARNING: test suite FAILED - inspect /home/aldo/dev/okf-home-lab/logs/post_sync.log
2026-08-26T19:09:01+02:00 --- post_sync done ---
2026-08-26T19:18:15+02:00 --- post_sync start ---
2026-08-26T19:18:15+02:00 RAG hash marker invalidated
2026-08-26T19:21:31+02:00 site repo pushed
2026-08-26T19:21:47+02:00 live check final HTTP code: 200
Running front‑matter validation...
✅ All markdown files have required front‑matter
Checking live site...
✅ Live site returned 200
Running Jellyfin health‑check script...
✅ Jellyfin health‑check script returned Healthy
Running Jellyfin attester...
✅ Jellyfin attester returned OK
Testing RAG query via Hermes skill...
❌ RAG wrapper crashed
2026-08-26T19:24:38+02:00 WARNING: test suite FAILED - inspect /home/aldo/dev/okf-home-lab/logs/post_sync.log
2026-08-26T19:24:38+02:00 --- post_sync done ---
2026-08-26T19:29:50+02:00 --- post_sync start ---
2026-08-26T19:29:50+02:00 RAG hash marker invalidated
2026-08-26T19:29:57+02:00 site repo pushed
2026-08-26T19:29:57+02:00 live check final HTTP code: 200
Running front‑matter validation...
✅ All markdown files have required front‑matter
Checking live site...
✅ Live site returned 200
Running Jellyfin health‑check script...
✅ Jellyfin health‑check script returned Healthy
Running Jellyfin attester...
✅ Jellyfin attester returned OK
Testing RAG query via Hermes skill...
❌ RAG wrapper crashed
2026-08-26T19:30:22+02:00 WARNING: test suite FAILED - inspect /home/aldo/dev/okf-home-lab/logs/post_sync.log
2026-08-26T19:30:22+02:00 --- post_sync done ---
2026-08-26T19:35:42+02:00 --- post_sync start ---
2026-08-26T19:35:42+02:00 RAG hash marker invalidated
2026-08-26T19:35:44+02:00 site repo pushed
2026-08-26T19:35:45+02:00 live check final HTTP code: 200
Running front‑matter validation...
✅ All markdown files have required front‑matter
Checking live site...
✅ Live site returned 200
Running Jellyfin health‑check script...
✅ Jellyfin health‑check script returned Healthy
Running Jellyfin attester...
✅ Jellyfin attester returned OK
Testing RAG query via Hermes skill...
❌ RAG wrapper crashed
2026-08-26T19:35:48+02:00 WARNING: test suite FAILED - inspect /home/aldo/dev/okf-home-lab/logs/post_sync.log
2026-08-26T19:35:48+02:00 --- post_sync done ---
2026-08-26T19:41:15+02:00 --- post_sync start ---
2026-08-26T19:41:16+02:00 RAG hash marker invalidated
2026-08-26T19:41:19+02:00 site repo pushed
2026-08-26T19:41:20+02:00 live check final HTTP code: 200
Running front‑matter validation...
✅ All markdown files have required front‑matter
Checking live site...
✅ Live site returned 200
Running Jellyfin health‑check script...
✅ Jellyfin health‑check script returned Healthy
Running Jellyfin attester...
✅ Jellyfin attester returned OK
Testing RAG query via Hermes skill...
❌ RAG wrapper crashed
2026-08-26T19:41:39+02:00 WARNING: test suite FAILED - inspect /home/aldo/dev/okf-home-lab/logs/post_sync.log
2026-08-26T19:41:39+02:00 --- post_sync done ---
2026-08-26T19:47:01+02:00 --- post_sync start ---
2026-08-26T19:47:01+02:00 RAG hash marker invalidated
2026-08-26T19:47:05+02:00 site repo pushed
2026-08-26T19:47:06+02:00 live check final HTTP code: 200
Running front‑matter validation...
✅ All markdown files have required front‑matter
Checking live site...
✅ Live site returned 200
Running Jellyfin health‑check script...
✅ Jellyfin health‑check script returned Healthy
Running Jellyfin attester...
✅ Jellyfin attester returned OK
Testing RAG query via Hermes skill...
❌ RAG wrapper crashed
2026-08-26T19:47:11+02:00 WARNING: test suite FAILED - inspect /home/aldo/dev/okf-home-lab/logs/post_sync.log
2026-08-26T19:47:11+02:00 --- post_sync done ---
2026-08-26T19:52:22+02:00 --- post_sync start ---
2026-08-26T19:52:22+02:00 RAG hash marker invalidated
2026-08-26T19:52:25+02:00 site repo pushed
2026-08-26T19:52:26+02:00 live check final HTTP code: 200
Running front‑matter validation...
✅ All markdown files have required front‑matter
Checking live site...
✅ Live site returned 200
Running Jellyfin health‑check script...
✅ Jellyfin health‑check script returned Healthy
Running Jellyfin attester...
✅ Jellyfin attester returned OK
Testing RAG query via Hermes skill...
❌ RAG wrapper crashed
2026-08-26T19:52:30+02:00 WARNING: test suite FAILED - inspect /home/aldo/dev/okf-home-lab/logs/post_sync.log
2026-08-26T19:52:30+02:00 --- post_sync done ---
2026-08-26T19:57:41+02:00 --- post_sync start ---
2026-08-26T19:57:41+02:00 RAG hash marker invalidated
2026-08-26T19:57:44+02:00 site repo pushed
2026-08-26T19:57:44+02:00 live check final HTTP code: 200
Running front‑matter validation...
✅ All markdown files have required front‑matter
Checking live site...
✅ Live site returned 200
Running Jellyfin health‑check script...
✅ Jellyfin health‑check script returned Healthy
Running Jellyfin attester...
✅ Jellyfin attester returned OK
Testing RAG query via Hermes skill...
❌ RAG wrapper crashed
2026-08-26T19:57:50+02:00 WARNING: test suite FAILED - inspect /home/aldo/dev/okf-home-lab/logs/post_sync.log
2026-08-26T19:57:50+02:00 --- post_sync done ---
2026-08-26T20:03:03+02:00 --- post_sync start ---
2026-08-26T20:03:03+02:00 RAG hash marker invalidated
2026-08-26T20:03:06+02:00 site repo pushed
2026-08-26T20:03:07+02:00 live check final HTTP code: 200
Running front‑matter validation...
✅ All markdown files have required front‑matter
Checking live site...
✅ Live site returned 200
Running Jellyfin health‑check script...
✅ Jellyfin health‑check script returned Healthy
Running Jellyfin attester...
✅ Jellyfin attester returned OK
Testing RAG query via Hermes skill...
❌ RAG wrapper crashed
2026-08-26T20:03:20+02:00 WARNING: test suite FAILED - inspect /home/aldo/dev/okf-home-lab/logs/post_sync.log
2026-08-26T20:03:20+02:00 --- post_sync done ---
2026-08-26T20:08:37+02:00 --- post_sync start ---
2026-08-26T20:08:37+02:00 RAG hash marker invalidated
2026-08-26T20:08:42+02:00 site repo pushed
2026-08-26T20:08:43+02:00 live check final HTTP code: 200
Running front‑matter validation...
✅ All markdown files have required front‑matter
Checking live site...
✅ Live site returned 200
Running Jellyfin health‑check script...
✅ Jellyfin health‑check script returned Healthy
Running Jellyfin attester...
✅ Jellyfin attester returned OK
Testing RAG query via Hermes skill...
❌ RAG wrapper crashed
2026-08-26T20:08:56+02:00 WARNING: test suite FAILED - inspect /home/aldo/dev/okf-home-lab/logs/post_sync.log
2026-08-26T20:08:56+02:00 --- post_sync done ---
2026-08-26T20:14:18+02:00 --- post_sync start ---
2026-08-26T20:14:18+02:00 RAG hash marker invalidated
2026-08-26T20:14:22+02:00 site repo pushed
2026-08-26T20:14:23+02:00 live check final HTTP code: 200
Running front‑matter validation...
✅ All markdown files have required front‑matter
Checking live site...
✅ Live site returned 200
Running Jellyfin health‑check script...
✅ Jellyfin health‑check script returned Healthy
Running Jellyfin attester...
✅ Jellyfin attester returned OK
Testing RAG query via Hermes skill...
❌ RAG wrapper crashed
2026-08-26T20:14:34+02:00 WARNING: test suite FAILED - inspect /home/aldo/dev/okf-home-lab/logs/post_sync.log
2026-08-26T20:14:34+02:00 --- post_sync done ---
2026-08-26T20:19:49+02:00 --- post_sync start ---
2026-08-26T20:19:49+02:00 RAG hash marker invalidated
2026-08-26T20:19:58+02:00 site repo pushed
2026-08-26T20:19:58+02:00 live check final HTTP code: 200
Running front‑matter validation...
✅ All markdown files have required front‑matter
Checking live site...
✅ Live site returned 200
Running Jellyfin health‑check script...
✅ Jellyfin health‑check script returned Healthy
Running Jellyfin attester...
✅ Jellyfin attester returned OK
Testing RAG query via Hermes skill...
❌ RAG wrapper crashed
2026-08-26T20:20:13+02:00 WARNING: test suite FAILED - inspect /home/aldo/dev/okf-home-lab/logs/post_sync.log
2026-08-26T20:20:13+02:00 --- post_sync done ---
2026-08-26T20:25:36+02:00 --- post_sync start ---
2026-08-26T20:25:36+02:00 RAG hash marker invalidated
2026-08-26T20:25:41+02:00 site repo pushed
2026-08-26T20:25:42+02:00 live check final HTTP code: 200
Running front‑matter validation...
✅ All markdown files have required front‑matter
Checking live site...
✅ Live site returned 200
Running Jellyfin health‑check script...
✅ Jellyfin health‑check script returned Healthy
Running Jellyfin attester...
✅ Jellyfin attester returned OK
Testing RAG query via Hermes skill...
❌ RAG wrapper crashed
2026-08-26T20:25:47+02:00 WARNING: test suite FAILED - inspect /home/aldo/dev/okf-home-lab/logs/post_sync.log
2026-08-26T20:25:47+02:00 --- post_sync done ---
2026-08-26T20:30:54+02:00 --- post_sync start ---
2026-08-26T20:30:54+02:00 RAG hash marker invalidated
2026-08-26T20:30:57+02:00 site repo pushed
2026-08-26T20:30:57+02:00 live check final HTTP code: 200
Running front‑matter validation...
✅ All markdown files have required front‑matter
Checking live site...
✅ Live site returned 200
Running Jellyfin health‑check script...
✅ Jellyfin health‑check script returned Healthy
Running Jellyfin attester...
✅ Jellyfin attester returned OK
Testing RAG query via Hermes skill...
❌ RAG wrapper crashed
2026-08-26T20:31:05+02:00 WARNING: test suite FAILED - inspect /home/aldo/dev/okf-home-lab/logs/post_sync.log
2026-08-26T20:31:05+02:00 --- post_sync done ---
2026-08-26T20:36:17+02:00 --- post_sync start ---
2026-08-26T20:36:17+02:00 RAG hash marker invalidated
2026-08-26T20:36:22+02:00 site repo pushed
2026-08-26T20:36:23+02:00 live check final HTTP code: 200
Running front‑matter validation...
✅ All markdown files have required front‑matter
Checking live site...
✅ Live site returned 200
Running Jellyfin health‑check script...
✅ Jellyfin health‑check script returned Healthy
Running Jellyfin attester...
✅ Jellyfin attester returned OK
Testing RAG query via Hermes skill...
❌ RAG wrapper crashed
2026-08-26T20:36:28+02:00 WARNING: test suite FAILED - inspect /home/aldo/dev/okf-home-lab/logs/post_sync.log
2026-08-26T20:36:28+02:00 --- post_sync done ---
2026-08-26T20:41:40+02:00 --- post_sync start ---
2026-08-26T20:41:40+02:00 RAG hash marker invalidated
2026-08-26T20:41:43+02:00 site repo pushed
2026-08-26T20:41:43+02:00 live check final HTTP code: 200
Running front‑matter validation...
✅ All markdown files have required front‑matter
Checking live site...
✅ Live site returned 200
Running Jellyfin health‑check script...
✅ Jellyfin health‑check script returned Healthy
Running Jellyfin attester...
✅ Jellyfin attester returned OK
Testing RAG query via Hermes skill...
❌ RAG wrapper crashed
2026-08-26T20:41:46+02:00 WARNING: test suite FAILED - inspect /home/aldo/dev/okf-home-lab/logs/post_sync.log
2026-08-26T20:41:46+02:00 --- post_sync done ---
2026-08-26T20:47:07+02:00 --- post_sync start ---
2026-08-26T20:47:07+02:00 RAG hash marker invalidated
2026-08-26T20:47:15+02:00 site repo pushed
2026-08-26T20:47:16+02:00 live check final HTTP code: 200
Running front‑matter validation...
✅ All markdown files have required front‑matter
Checking live site...
✅ Live site returned 200
Running Jellyfin health‑check script...
✅ Jellyfin health‑check script returned Healthy
Running Jellyfin attester...
✅ Jellyfin attester returned OK
Testing RAG query via Hermes skill...
❌ RAG wrapper crashed
2026-08-26T20:47:32+02:00 WARNING: test suite FAILED - inspect /home/aldo/dev/okf-home-lab/logs/post_sync.log
2026-08-26T20:47:32+02:00 --- post_sync done ---
2026-08-26T20:53:30+02:00 --- post_sync start ---
2026-08-26T20:53:30+02:00 RAG hash marker invalidated
2026-08-26T20:53:41+02:00 site repo pushed
2026-08-26T20:53:42+02:00 live check final HTTP code: 200
Running front‑matter validation...
✅ All markdown files have required front‑matter
Checking live site...
✅ Live site returned 200
Running Jellyfin health‑check script...
✅ Jellyfin health‑check script returned Healthy
Running Jellyfin attester...
✅ Jellyfin attester returned OK
Testing RAG query via Hermes skill...
❌ RAG wrapper crashed
2026-08-26T20:54:10+02:00 WARNING: test suite FAILED - inspect /home/aldo/dev/okf-home-lab/logs/post_sync.log
2026-08-26T20:54:10+02:00 --- post_sync done ---
2026-08-26T20:59:19+02:00 --- post_sync start ---
2026-08-26T20:59:19+02:00 RAG hash marker invalidated
2026-08-26T20:59:22+02:00 site repo pushed
2026-08-26T20:59:22+02:00 live check final HTTP code: 200
Running front‑matter validation...
✅ All markdown files have required front‑matter
Checking live site...
✅ Live site returned 200
Running Jellyfin health‑check script...
✅ Jellyfin health‑check script returned Healthy
Running Jellyfin attester...
✅ Jellyfin attester returned OK
Testing RAG query via Hermes skill...
❌ RAG wrapper crashed
2026-08-26T20:59:28+02:00 WARNING: test suite FAILED - inspect /home/aldo/dev/okf-home-lab/logs/post_sync.log
2026-08-26T20:59:28+02:00 --- post_sync done ---
2026-08-26T21:05:28+02:00 --- post_sync start ---
2026-08-26T21:05:28+02:00 RAG hash marker invalidated
2026-08-26T21:05:52+02:00 site repo pushed
2026-08-26T21:05:57+02:00 live check final HTTP code: 200
Running front‑matter validation...
✅ All markdown files have required front‑matter
Checking live site...
✅ Live site returned 200
Running Jellyfin health‑check script...
✅ Jellyfin health‑check script returned Healthy
Running Jellyfin attester...
✅ Jellyfin attester returned OK
Testing RAG query via Hermes skill...
❌ RAG wrapper crashed
2026-08-26T21:06:30+02:00 WARNING: test suite FAILED - inspect /home/aldo/dev/okf-home-lab/logs/post_sync.log
2026-08-26T21:06:30+02:00 --- post_sync done ---
2026-08-26T21:13:29+02:00 --- post_sync start ---
2026-08-26T21:13:30+02:00 RAG hash marker invalidated
2026-08-26T21:13:44+02:00 site repo pushed
2026-08-26T21:13:44+02:00 live check final HTTP code: 200
Running front‑matter validation...
✅ All markdown files have required front‑matter
Checking live site...
✅ Live site returned 200
Running Jellyfin health‑check script...
✅ Jellyfin health‑check script returned Healthy
Running Jellyfin attester...
✅ Jellyfin attester returned OK
Testing RAG query via Hermes skill...
❌ RAG wrapper crashed
2026-08-26T21:13:54+02:00 WARNING: test suite FAILED - inspect /home/aldo/dev/okf-home-lab/logs/post_sync.log
2026-08-26T21:13:54+02:00 --- post_sync done ---
2026-08-26T21:19:13+02:00 --- post_sync start ---
2026-08-26T21:19:13+02:00 RAG hash marker invalidated
2026-08-26T21:19:35+02:00 site repo pushed
2026-08-26T21:19:37+02:00 live check final HTTP code: 200
Running front‑matter validation...
✅ All markdown files have required front‑matter
Checking live site...
✅ Live site returned 200
Running Jellyfin health‑check script...
✅ Jellyfin health‑check script returned Healthy
Running Jellyfin attester...
✅ Jellyfin attester returned OK
Testing RAG query via Hermes skill...
❌ RAG wrapper crashed
2026-08-26T21:25:26+02:00 --- post_sync start ---
2026-08-26T21:25:26+02:00 RAG hash marker invalidated
2026-08-26T21:25:29+02:00 site repo pushed
2026-08-26T21:25:30+02:00 live check final HTTP code: 200
Running front‑matter validation...
✅ All markdown files have required front‑matter
Checking live site...
✅ Live site returned 200
Running Jellyfin health‑check script...
✅ Jellyfin health‑check script returned Healthy
Running Jellyfin attester...
✅ Jellyfin attester returned OK
Testing RAG query via Hermes skill...
❌ RAG wrapper crashed
2026-08-26T21:25:34+02:00 WARNING: test suite FAILED - inspect /home/aldo/dev/okf-home-lab/logs/post_sync.log
2026-08-26T21:25:34+02:00 --- post_sync done ---
2026-08-30T18:26:34+02:00 --- post_sync start ---
2026-08-30T18:26:34+02:00 RAG hash marker invalidated
2026-09-01T10:22:36+02:00 --- post_sync start ---
2026-09-01T10:22:36+02:00 RAG hash marker invalidated
2026-09-01T10:22:39+02:00 nothing to push
2026-09-01T10:22:39+02:00 live check final HTTP code: 200
Running front‑matter validation...
✅ All markdown files have required front‑matter
Checking live site...
✅ Live site returned 200
Running Jellyfin health‑check script...
Traceback (most recent call last):
  File "/home/aldo/dev/okf-home-lab/okf_test_suite.py", line 61, in <module>
    res = subprocess.run([str(script),'http://127.0.0.1:8096/health'],capture_output=True,text=True)
          ^^^^^^^^^^^^^^^^^^^^^^^^^^^^^^^^^^^^^^^^^^^^^^^^^^^^^^^^^^^^^^^^^^^^^^^^^^^^^^^^^^^^^^^^^^
  File "/home/aldo/.local/share/uv/python/cpython-3.11.16-linux-aarch64-gnu/lib/python3.11/subprocess.py", line 548, in run
    with Popen(*popenargs, **kwargs) as process:
         ^^^^^^^^^^^^^^^^^^^^^^^^^^^
  File "/home/aldo/.local/share/uv/python/cpython-3.11.16-linux-aarch64-gnu/lib/python3.11/subprocess.py", line 1026, in __init__
    self._execute_child(args, executable, preexec_fn, close_fds,
  File "/home/aldo/.local/share/uv/python/cpython-3.11.16-linux-aarch64-gnu/lib/python3.11/subprocess.py", line 1955, in _execute_child
    raise child_exception_type(errno_num, err_msg, err_filename)
FileNotFoundError: [Errno 2] No such file or directory: '/home/aldo/dev/okf-home-lab/05-media-jellyfin/references/skills/run-jellyfin-check.sh'
2026-09-01T10:22:42+02:00 WARNING: test suite FAILED - inspect /home/aldo/dev/okf-home-lab/logs/post_sync.log
2026-09-01T10:22:42+02:00 --- post_sync done ---
2026-09-01T17:18:19+02:00 --- post_sync start ---
2026-09-01T17:18:19+02:00 RAG hash marker invalidated
2026-09-04T06:01:04+02:00 --- post_sync start ---
2026-09-04T06:01:04+02:00 RAG hash marker invalidated
2026-09-04T06:01:09+02:00 site repo pushed
2026-09-04T06:01:09+02:00 live check final HTTP code: 200
Running front‑matter validation...
✅ All markdown files have required front‑matter
Checking live site...
✅ Live site returned 200
Running Jellyfin health‑check script...
Traceback (most recent call last):
  File "/home/aldo/dev/okf-home-lab/okf_test_suite.py", line 61, in <module>
    res = subprocess.run([str(script),'http://127.0.0.1:8096/health'],capture_output=True,text=True)
          ^^^^^^^^^^^^^^^^^^^^^^^^^^^^^^^^^^^^^^^^^^^^^^^^^^^^^^^^^^^^^^^^^^^^^^^^^^^^^^^^^^^^^^^^^^
  File "/home/aldo/.local/share/uv/python/cpython-3.11.16-linux-aarch64-gnu/lib/python3.11/subprocess.py", line 548, in run
    with Popen(*popenargs, **kwargs) as process:
         ^^^^^^^^^^^^^^^^^^^^^^^^^^^
  File "/home/aldo/.local/share/uv/python/cpython-3.11.16-linux-aarch64-gnu/lib/python3.11/subprocess.py", line 1026, in __init__
    self._execute_child(args, executable, preexec_fn, close_fds,
  File "/home/aldo/.local/share/uv/python/cpython-3.11.16-linux-aarch64-gnu/lib/python3.11/subprocess.py", line 1955, in _execute_child
    raise child_exception_type(errno_num, err_msg, err_filename)
FileNotFoundError: [Errno 2] No such file or directory: '/home/aldo/dev/okf-home-lab/05-media-jellyfin/references/skills/run-jellyfin-check.sh'
2026-09-04T06:01:14+02:00 WARNING: test suite FAILED - inspect /home/aldo/dev/okf-home-lab/logs/post_sync.log
2026-09-04T06:01:14+02:00 --- post_sync done ---
2026-09-06T11:16:15+02:00 --- post_sync start ---
2026-09-06T11:16:15+02:00 RAG hash marker invalidated
2026-09-06T11:16:18+02:00 site repo pushed
2026-09-06T11:16:18+02:00 live check final HTTP code: 200
Running front‑matter validation...
✅ All markdown files have required front‑matter
Checking live site...
✅ Live site returned 200
Running Jellyfin health‑check script...
Traceback (most recent call last):
  File "/home/aldo/dev/okf-home-lab/okf_test_suite.py", line 61, in <module>
    res = subprocess.run([str(script),'http://127.0.0.1:8096/health'],capture_output=True,text=True)
          ^^^^^^^^^^^^^^^^^^^^^^^^^^^^^^^^^^^^^^^^^^^^^^^^^^^^^^^^^^^^^^^^^^^^^^^^^^^^^^^^^^^^^^^^^^
  File "/home/aldo/.local/share/uv/python/cpython-3.11.16-linux-aarch64-gnu/lib/python3.11/subprocess.py", line 548, in run
    with Popen(*popenargs, **kwargs) as process:
         ^^^^^^^^^^^^^^^^^^^^^^^^^^^
  File "/home/aldo/.local/share/uv/python/cpython-3.11.16-linux-aarch64-gnu/lib/python3.11/subprocess.py", line 1026, in __init__
    self._execute_child(args, executable, preexec_fn, close_fds,
  File "/home/aldo/.local/share/uv/python/cpython-3.11.16-linux-aarch64-gnu/lib/python3.11/subprocess.py", line 1955, in _execute_child
    raise child_exception_type(errno_num, err_msg, err_filename)
FileNotFoundError: [Errno 2] No such file or directory: '/home/aldo/dev/okf-home-lab/05-media-jellyfin/references/skills/run-jellyfin-check.sh'
2026-09-06T11:16:19+02:00 WARNING: test suite FAILED - inspect /home/aldo/dev/okf-home-lab/logs/post_sync.log
2026-09-06T11:16:19+02:00 --- post_sync done ---
